Component: ARM Compiler 5.06 update 7 (build 960) Tool: armlink [4d3601]

==============================================================================

Section Cross References

    startup_stm32f407xx.o(STACK) refers (Special) to heapauxi.o(.text) for __use_two_region_memory
    startup_stm32f407xx.o(HEAP) refers (Special) to heapauxi.o(.text) for __use_two_region_memory
    startup_stm32f407xx.o(RESET) refers (Special) to heapauxi.o(.text) for __use_two_region_memory
    startup_stm32f407xx.o(RESET) refers to startup_stm32f407xx.o(STACK) for __initial_sp
    startup_stm32f407xx.o(RESET) refers to startup_stm32f407xx.o(.text) for Reset_Handler
    startup_stm32f407xx.o(RESET) refers to stm32f4xx_it.o(i.NMI_Handler) for NMI_Handler
    startup_stm32f407xx.o(RESET) refers to stm32f4xx_it.o(i.HardFault_Handler) for HardFault_Handler
    startup_stm32f407xx.o(RESET) refers to stm32f4xx_it.o(i.MemManage_Handler) for MemManage_Handler
    startup_stm32f407xx.o(RESET) refers to stm32f4xx_it.o(i.BusFault_Handler) for BusFault_Handler
    startup_stm32f407xx.o(RESET) refers to stm32f4xx_it.o(i.UsageFault_Handler) for UsageFault_Handler
    startup_stm32f407xx.o(RESET) refers to port.o(.emb_text) for SVC_Handler
    startup_stm32f407xx.o(RESET) refers to stm32f4xx_it.o(i.DebugMon_Handler) for DebugMon_Handler
    startup_stm32f407xx.o(RESET) refers to cmsis_os2.o(i.SysTick_Handler) for SysTick_Handler
    startup_stm32f407xx.o(RESET) refers to stm32f4xx_it.o(i.DMA1_Stream5_IRQHandler) for DMA1_Stream5_IRQHandler
    startup_stm32f407xx.o(RESET) refers to stm32f4xx_it.o(i.DMA1_Stream6_IRQHandler) for DMA1_Stream6_IRQHandler
    startup_stm32f407xx.o(RESET) refers to stm32f4xx_it.o(i.TIM1_UP_TIM10_IRQHandler) for TIM1_UP_TIM10_IRQHandler
    startup_stm32f407xx.o(RESET) refers to stm32f4xx_it.o(i.USART1_IRQHandler) for USART1_IRQHandler
    startup_stm32f407xx.o(RESET) refers to stm32f4xx_it.o(i.USART2_IRQHandler) for USART2_IRQHandler
    startup_stm32f407xx.o(RESET) refers to stm32f4xx_it.o(i.DMA2_Stream1_IRQHandler) for DMA2_Stream1_IRQHandler
    startup_stm32f407xx.o(RESET) refers to stm32f4xx_it.o(i.DMA2_Stream5_IRQHandler) for DMA2_Stream5_IRQHandler
    startup_stm32f407xx.o(RESET) refers to stm32f4xx_it.o(i.USART6_IRQHandler) for USART6_IRQHandler
    startup_stm32f407xx.o(.text) refers (Special) to heapauxi.o(.text) for __use_two_region_memory
    startup_stm32f407xx.o(.text) refers to system_stm32f4xx.o(i.SystemInit) for SystemInit
    startup_stm32f407xx.o(.text) refers to __main.o(!!!main) for __main
    startup_stm32f407xx.o(.text) refers to startup_stm32f407xx.o(HEAP) for Heap_Mem
    startup_stm32f407xx.o(.text) refers to startup_stm32f407xx.o(STACK) for Stack_Mem
    main.o(i.HAL_TIM_PeriodElapsedCallback) refers to stm32f4xx_hal.o(i.HAL_IncTick) for HAL_IncTick
    main.o(i.HAL_UARTEx_RxEventCallback) refers to rt_memclr.o(.text) for __aeabi_memclr
    main.o(i.HAL_UARTEx_RxEventCallback) refers to rt_memcpy_v6.o(.text) for __aeabi_memcpy
    main.o(i.HAL_UARTEx_RxEventCallback) refers to motor.o(i.Motor_ProcessRxData) for Motor_ProcessRxData
    main.o(i.HAL_UARTEx_RxEventCallback) refers to stm32f4xx_hal_uart.o(i.HAL_UARTEx_ReceiveToIdle_DMA) for HAL_UARTEx_ReceiveToIdle_DMA
    main.o(i.HAL_UARTEx_RxEventCallback) refers to usart.o(.bss) for huart2
    main.o(i.HAL_UARTEx_RxEventCallback) refers to main.o(.bss) for .bss
    main.o(i.SystemClock_Config) refers to rt_memclr_w.o(.text) for __aeabi_memclr4
    main.o(i.SystemClock_Config) refers to stm32f4xx_hal_rcc.o(i.HAL_RCC_OscConfig) for HAL_RCC_OscConfig
    main.o(i.SystemClock_Config) refers to stm32f4xx_hal_rcc.o(i.HAL_RCC_ClockConfig) for HAL_RCC_ClockConfig
    main.o(i.main) refers to stm32f4xx_hal.o(i.HAL_Init) for HAL_Init
    main.o(i.main) refers to main.o(i.SystemClock_Config) for SystemClock_Config
    main.o(i.main) refers to gpio.o(i.MX_GPIO_Init) for MX_GPIO_Init
    main.o(i.main) refers to dma.o(i.MX_DMA_Init) for MX_DMA_Init
    main.o(i.main) refers to usart.o(i.MX_USART1_UART_Init) for MX_USART1_UART_Init
    main.o(i.main) refers to usart.o(i.MX_USART2_UART_Init) for MX_USART2_UART_Init
    main.o(i.main) refers to tim.o(i.MX_TIM3_Init) for MX_TIM3_Init
    main.o(i.main) refers to tim.o(i.MX_TIM4_Init) for MX_TIM4_Init
    main.o(i.main) refers to tim.o(i.MX_TIM2_Init) for MX_TIM2_Init
    main.o(i.main) refers to usart.o(i.MX_USART6_UART_Init) for MX_USART6_UART_Init
    main.o(i.main) refers to stm32f4xx_hal_tim.o(i.HAL_TIM_PWM_Start) for HAL_TIM_PWM_Start
    main.o(i.main) refers to act.o(i.Car_Init) for Car_Init
    main.o(i.main) refers to noretval__2printf.o(.text) for __2printf
    main.o(i.main) refers to cmsis_os2.o(i.osKernelInitialize) for osKernelInitialize
    main.o(i.main) refers to freertos.o(i.MX_FREERTOS_Init) for MX_FREERTOS_Init
    main.o(i.main) refers to cmsis_os2.o(i.osKernelStart) for osKernelStart
    main.o(i.main) refers to user_main.o(i.user_main) for user_main
[...]
    i.prvUnlockQueue                         0x08003a2c   Section        0  queue.o(i.prvUnlockQueue)
    prvUnlockQueue                           0x08003a2d   Thumb Code   106  queue.o(i.prvUnlockQueue)
    i.pvPortMalloc                           0x08003a98   Section        0  heap_4.o(i.pvPortMalloc)
    i.pxPortInitialiseStack                  0x08003b74   Section        0  port.o(i.pxPortInitialiseStack)
    i.send_frame                             0x08003ba0   Section        0  motor.o(i.send_frame)
    send_frame                               0x08003ba1   Thumb Code    36  motor.o(i.send_frame)
    i.serial_frame_build                     0x08003bc8   Section        0  serial_frame.o(i.serial_frame_build)
    i.serial_frame_parse                     0x08003c20   Section        0  serial_frame.o(i.serial_frame_parse)
    i.user_main                              0x08003ca2   Section        0  user_main.o(i.user_main)
    i.uxListRemove                           0x08003ca8   Section        0  list.o(i.uxListRemove)
    i.vApplicationGetIdleTaskMemory          0x08003cd0   Section        0  cmsis_os2.o(i.vApplicationGetIdleTaskMemory)
    i.vApplicationGetTimerTaskMemory         0x08003ce4   Section        0  cmsis_os2.o(i.vApplicationGetTimerTaskMemory)
    i.vListInitialise                        0x08003cfc   Section        0  list.o(i.vListInitialise)
    i.vListInitialiseItem                    0x08003d12   Section        0  list.o(i.vListInitialiseItem)
    i.vListInsert                            0x08003d18   Section        0  list.o(i.vListInsert)
    i.vListInsertEnd                         0x08003d48   Section        0  list.o(i.vListInsertEnd)
    i.vPortEnterCritical                     0x08003d60   Section        0  port.o(i.vPortEnterCritical)
    i.vPortExitCritical                      0x08003da0   Section        0  port.o(i.vPortExitCritical)
    i.vPortFree                              0x08003dc8   Section        0  heap_4.o(i.vPortFree)
    i.vPortSetupTimerInterrupt               0x08003e2c   Section        0  port.o(i.vPortSetupTimerInterrupt)
    i.vPortValidateInterruptPriority         0x08003e50   Section        0  port.o(i.vPortValidateInterruptPriority)
    i.vQueueAddToRegistry                    0x08003ea4   Section        0  queue.o(i.vQueueAddToRegistry)
    i.vQueueWaitForMessageRestricted         0x08003ecc   Section        0  queue.o(i.vQueueWaitForMessageRestricted)
    i.vTaskDelay                             0x08003f10   Section        0  tasks.o(i.vTaskDelay)
    i.vTaskInternalSetTimeOutState           0x08003f5c   Section        0  tasks.o(i.vTaskInternalSetTimeOutState)
    i.vTaskMissedYield                       0x08003f6c   Section        0  tasks.o(i.vTaskMissedYield)
    i.vTaskPlaceOnEventList                  0x08003f78   Section        0  tasks.o(i.vTaskPlaceOnEventList)
    i.vTaskPlaceOnEventListRestricted        0x08003fa8   Section        0  tasks.o(i.vTaskPlaceOnEventListRestricted)
    i.vTaskStartScheduler                    0x08003fe0   Section        0  tasks.o(i.vTaskStartScheduler)
    i.vTaskSuspendAll                        0x08004068   Section        0  tasks.o(i.vTaskSuspendAll)
    i.vTaskSwitchContext                     0x08004078   Section        0  tasks.o(i.vTaskSwitchContext)
    i.xPortStartScheduler                    0x080040dc   Section        0  port.o(i.xPortStartScheduler)
    i.xPortSysTickHandler                    0x080041d0   Section        0  port.o(i.xPortSysTickHandler)
    i.xQueueGenericCreate                    0x080041fc   Section        0  queue.o(i.xQueueGenericCreate)
    i.xQueueGenericCreateStatic              0x0800423e   Section        0  queue.o(i.xQueueGenericCreateStatic)
    i.xQueueGenericReset                     0x080042a4   Section        0  queue.o(i.xQueueGenericReset)
    i.xQueueGenericSend                      0x0800432c   Section        0  queue.o(i.xQueueGenericSend)
    i.xQueueGenericSendFromISR               0x0800448c   Section        0  queue.o(i.xQueueGenericSendFromISR)
    i.xQueueReceive                          0x0800454c   Section        0  queue.o(i.xQueueReceive)
    i.xTaskCheckForTimeOut                   0x08004684   Section        0  tasks.o(i.xTaskCheckForTimeOut)
    i.xTaskCreate                            0x080046f8   Section        0  tasks.o(i.xTaskCreate)
    i.xTaskCreateStatic                      0x08004752   Section        0  tasks.o(i.xTaskCreateStatic)
    i.xTaskGetSchedulerState                 0x080047a8   Section        0  tasks.o(i.xTaskGetSchedulerState)
    i.xTaskGetTickCount                      0x080047c4   Section        0  tasks.o(i.xTaskGetTickCount)
    i.xTaskIncrementTick                     0x080047d0   Section        0  tasks.o(i.xTaskIncrementTick)
    i.xTaskPriorityDisinherit                0x08004898   Section        0  tasks.o(i.xTaskPriorityDisinherit)
    i.xTaskRemoveFromEventList               0x08004918   Section        0  tasks.o(i.xTaskRemoveFromEventList)
    i.xTaskResumeAll                         0x08004988   Section        0  tasks.o(i.xTaskResumeAll)
    i.xTimerCreateTimerTask                  0x08004a4c   Section        0  timers.o(i.xTimerCreateTimerTask)
    i.xTimerGenericCommand                   0x08004aac   Section        0  timers.o(i.xTimerGenericCommand)
    x$fpl$fpinit                             0x08004b14   Section       10  fpinit.o(x$fpl$fpinit)
    $v0                                      0x08004b14   Number         0  fpinit.o(x$fpl$fpinit)
    .constdata                               0x08004b20   Section      108  freertos.o(.constdata)
    .constdata                               0x08004b8c   Section        8  stm32f4xx_hal_dma.o(.constdata)
    flagBitshiftOffset                       0x08004b8c   Data           8  stm32f4xx_hal_dma.o(.constdata)
    .constdata                               0x08004b94   Section       16  system_stm32f4xx.o(.constdata)
    .constdata                               0x08004ba4   Section        8  system_stm32f4xx.o(.constdata)
    .constdata                               0x08004bac   Section       82  motor.o(.constdata)
    .conststring                             0x08004c00   Section       40  freertos.o(.conststring)
    .data                                    0x20000000   Section       20  freertos.o(.data)
    .data                                    0x20000014   Section        4  usart.o(.data)
    .data                                    0x20000018   Section       12  stm32f4xx_hal.o(.data)
    .data                                    0x20000024   Section        4  system_stm32f4xx.o(.data)
    .data                                    0x20000028   Section       60  tasks.o(.data)
    uxDeletedTasksWaitingCleanUp             0x2000002c   Data           4  tasks.o(.data)
    uxCurrentNumberOfTasks                   0x20000030   Data           4  tasks.o(.data)
    xTickCount                               0x20000034   Data           4  tasks.o(.data)
    uxTopReadyPriority                       0x20000038   Data           4  tasks.o(.data)
    xSchedulerRunning                        0x2000003c   Data           4  tasks.o(.data)
    xPendedTicks                             0x20000040   Data           4  tasks.o(.data)
    xYieldPending                            0x20000044   Data           4  tasks.o(.data)
    xNumOfOverflows                          0x20000048   Data           4  tasks.o(.data)
    uxTaskNumber                             0x2000004c   Data           4  tasks.o(.data)
    xNextTaskUnblockTime                     0x20000050   Data           4  tasks.o(.data)
    xIdleTaskHandle                          0x20000054   Data           4  tasks.o(.data)
    uxSchedulerSuspended                     0x20000058   Data           4  tasks.o(.data)
    pxDelayedTaskList                        0x2000005c   Data           4  tasks.o(.data)
    pxOverflowDelayedTaskList                0x20000060   Data           4  tasks.o(.data)
    .data                                    0x20000064   Section       20  timers.o(.data)
    xTimerQueue                              0x20000064   Data           4  timers.o(.data)
    xTimerTaskHandle                         0x20000068   Data           4  timers.o(.data)
    xLastTime                                0x2000006c   Data           4  timers.o(.data)
    pxCurrentTimerList                       0x20000070   Data           4  timers.o(.data)
    pxOverflowTimerList                      0x20000074   Data           4  timers.o(.data)
    .data                                    0x20000078   Section        4  cmsis_os2.o(.data)
    KernelState                              0x20000078   Data           4  cmsis_os2.o(.data)
    .data                                    0x2000007c   Section       32  heap_4.o(.data)
    pxEnd                                    0x2000007c   Data           4  heap_4.o(.data)
    xFreeBytesRemaining                      0x20000080   Data           4  heap_4.o(.data)
    xMinimumEverFreeBytesRemaining           0x20000084   Data           4  heap_4.o(.data)
    xNumberOfSuccessfulAllocations           0x20000088   Data           4  heap_4.o(.data)
    xNumberOfSuccessfulFrees                 0x2000008c   Data           4  heap_4.o(.data)
    xBlockAllocatedBit                       0x20000090   Data           4  heap_4.o(.data)
    xStart                                   0x20000094   Data           8  heap_4.o(.data)
    .data                                    0x2000009c   Section       12  port.o(.data)
    ucMaxSysCallPriority                     0x2000009c   Data           1  port.o(.data)
    uxCriticalNesting                        0x200000a0   Data           4  port.o(.data)
    ulMaxPRIGROUPValue                       0x200000a4   Data           4  port.o(.data)
    .data                                    0x200000a8   Section       24  act.o(.data)
    .data                                    0x200000c0   Section        4  motor.o(.data)
    motor_uart                               0x200000c0   Data           4  motor.o(.data)
    .bss                                     0x200000c4   Section     1026  main.o(.bss)
    .bss                                     0x200004c8   Section       94  freertos.o(.bss)
    .bss                                     0x20000528   Section      216  tim.o(.bss)
    .bss                                     0x20000600   Section      856  usart.o(.bss)
    rx_buf                                   0x20000600   Data         256  usart.o(.bss)
    .bss                                     0x20000958   Section      514  stm32f4xx_it.o(.bss)
    rx_buf                                   0x20000958   Data         256  stm32f4xx_it.o(.bss)
    .bss                                     0x20000b5c   Section       72  stm32f4xx_hal_timebase_tim.o(.bss)
    .bss                                     0x20000ba4   Section       64  queue.o(.bss)
    .bss                                     0x20000be4   Section     1220  tasks.o(.bss)
    pxReadyTasksLists                        0x20000be4   Data        1120  tasks.o(.bss)
    xDelayedTaskList1                        0x20001044   Data          20  tasks.o(.bss)
    xDelayedTaskList2                        0x20001058   Data          20  tasks.o(.bss)
    xPendingReadyList                        0x2000106c   Data          20  tasks.o(.bss)
    xTasksWaitingTermination                 0x20001080   Data          20  tasks.o(.bss)
    xSuspendedTaskList                       0x20001094   Data          20  tasks.o(.bss)
    .bss                                     0x200010a8   Section      280  timers.o(.bss)
    xStaticTimerQueue                        0x200010a8   Data          80  timers.o(.bss)
    ucStaticTimerQueueStorage                0x200010f8   Data         160  timers.o(.bss)
    xActiveTimerList1                        0x20001198   Data          20  timers.o(.bss)
    xActiveTimerList2                        0x200011ac   Data          20  timers.o(.bss)
    .bss                                     0x200011c0   Section     1720  cmsis_os2.o(.bss)
    Idle_TCB                                 0x200011c0   Data          92  cmsis_os2.o(.bss)
    Idle_Stack                               0x2000121c   Data         512  cmsis_os2.o(.bss)
    Timer_TCB                                0x2000141c   Data          92  cmsis_os2.o(.bss)
    Timer_Stack                              0x20001478   Data        1024  cmsis_os2.o(.bss)
    .bss                                     0x20001878   Section    15360  heap_4.o(.bss)
    ucHeap                                   0x20001878   Data       15360  heap_4.o(.bss)
    .bss                                     0x20005478   Section       12  motor.o(.bss)
    motor_fb                                 0x20005478   Data          12  motor.o(.bss)
    .bss                                     0x20005484   Section       96  libspace.o(.bss)
    HEAP                                     0x200054e8   Section     1024  startup_stm32f407xx.o(HEAP)
    Heap_Mem                                 0x200054e8   Data        1024  startup_stm32f407xx.o(HEAP)
    STACK                                    0x200058e8   Section     4096  startup_stm32f407xx.o(STACK)
    Stack_Mem                                0x200058e8   Data        4096  startup_stm32f407xx.o(STACK)
    __initial_sp                             0x200068e8   Data           0  startup_stm32f407xx.o(STACK)

    Global Symbols

    Symbol Name                              Value     Ov Type        Size  Object(Section)

    BuildAttributes$$THM_ISAv4$E$P$D$K$B$S$7EM$VFPi3$EXTD16$VFPS$VFMA$PE$A:L22UL41UL21$X:L11$S22US41US21$IEEE1$IW$USESV6$~STKCKD$USESV7$~SHL$OSPACE$ROPI$EBA8$UX$STANDARDLIB$REQ8$PRES8$EABIv2 0x00000000   Number         0  anon$$obj.o ABSOLUTE
    __ARM_use_no_argv                        0x00000000   Number         0  main.o ABSOLUTE
    __ARM_exceptions_init                     - Undefined Weak Reference
    __alloca_initialize                       - Undefined Weak Reference
    __arm_fini_                               - Undefined Weak Reference
    __arm_preinit_                            - Undefined Weak Reference
    __cpp_initialize__aeabi_                  - Undefined Weak Reference
    __cxa_finalize                            - Undefined Weak Reference
    __rt_locale                               - Undefined Weak Reference
    __sigvec_lookup                           - Undefined Weak Reference
    _atexit_init                              - Undefined Weak Reference
    _call_atexit_fns                          - Undefined Weak Reference
    _clock_init                               - Undefined Weak Reference
    _fp_trap_init                             - Undefined Weak Reference
    _fp_trap_shutdown                         - Undefined Weak Reference
    _get_lc_collate                           - Undefined Weak Reference
    _get_lc_ctype                             - Undefined Weak Reference
    _get_lc_monetary                          - Undefined Weak Reference
    _get_lc_numeric                           - Undefined Weak Reference
    _get_lc_time                              - Undefined Weak Reference
    _getenv_init                              - Undefined Weak Reference
    _handle_redirection                       - Undefined Weak Reference
    _init_alloc                               - Undefined Weak Reference
    _init_user_alloc                          - Undefined Weak Reference
    _initio                                   - Undefined Weak Reference
    _mutex_acquire                            - Undefined Weak Reference
    _mutex_release                            - Undefined Weak Reference
    _rand_init                                - Undefined Weak Reference
    _signal_finish                            - Undefined Weak Reference
    _signal_init                              - Undefined Weak Reference
    _terminate_alloc                          - Undefined Weak Reference
    _terminate_user_alloc                     - Undefined Weak Reference
    _terminateio                              - Undefined Weak Reference
    __Vectors_Size                           0x00000188   Number         0  startup_stm32f407xx.o ABSOLUTE
    __Vectors                                0x08000000   Data           4  startup_stm32f407xx.o(RESET)
    __Vectors_End                            0x08000188   Data           0  startup_stm32f407xx.o(RESET)
    __main                                   0x08000189   Thumb Code     8  __main.o(!!!main)
    __scatterload                            0x08000191   Thumb Code     0  __scatter.o(!!!scatter)
    __scatterload_rt2                        0x08000191   Thumb Code    44  __scatter.o(!!!scatter)
    __scatterload_rt2_thumb_only             0x08000191   Thumb Code     0  __scatter.o(!!!scatter)
    __scatterload_null                       0x0800019f   Thumb Code     0  __scatter.o(!!!scatter)
    __scatterload_copy                       0x080001c5   Thumb Code    26  __scatter_copy.o(!!handler_copy)
    __scatterload_zeroinit                   0x080001e1   Thumb Code    28  __scatter_zi.o(!!handler_zi)
    __rt_lib_init                            0x080001fd   Thumb Code     0  libinit.o(.ARM.Collect$$libinit$$00000000)
    __rt_lib_init_fp_1                       0x080001ff   Thumb Code     0  libinit2.o(.ARM.Collect$$libinit$$00000001)
    __rt_lib_init_alloca_1                   0x08000203   Thumb Code     0  libinit2.o(.ARM.Collect$$libinit$$0000002E)
    __rt_lib_init_argv_1                     0x08000203   Thumb Code     0  libinit2.o(.ARM.Collect$$libinit$$0000002C)
    __rt_lib_init_atexit_1                   0x08000203   Thumb Code     0  libinit2.o(.ARM.Collect$$libinit$$0000001B)
    __rt_lib_init_clock_1                    0x08000203   Thumb Code     0  libinit2.o(.ARM.Collect$$libinit$$00000021)
    __rt_lib_init_cpp_1                      0x08000203   Thumb Code     0  libinit2.o(.ARM.Collect$$libinit$$00000032)
    __rt_lib_init_exceptions_1               0x08000203   Thumb Code     0  libinit2.o(.ARM.Collect$$libinit$$00000030)
    __rt_lib_init_fp_trap_1                  0x08000203   Thumb Code     0  libinit2.o(.ARM.Collect$$libinit$$0000001F)
    __rt_lib_init_getenv_1                   0x08000203   Thumb Code     0  libinit2.o(.ARM.Collect$$libinit$$00000023)
    __rt_lib_init_heap_1                     0x08000203   Thumb Code     0  libinit2.o(.ARM.Collect$$libinit$$0000000A)
    __rt_lib_init_lc_collate_1               0x08000203   Thumb Code     0  libinit2.o(.ARM.Collect$$libinit$$00000011)
    __rt_lib_init_lc_ctype_1                 0x08000203   Thumb Code     0  libinit2.o(.ARM.Collect$$libinit$$00000013)
    __rt_lib_init_lc_monetary_1              0x08000203   Thumb Code     0  libinit2.o(.ARM.Collect$$libinit$$00000015)
    __rt_lib_init_lc_numeric_1               0x08000203   Thumb Code     0  libinit2.o(.ARM.Collect$$libinit$$00000017)
    __rt_lib_init_lc_time_1                  0x08000203   Thumb Code     0  libinit2.o(.ARM.Collect$$libinit$$00000019)
    __rt_lib_init_preinit_1                  0x08000203   Thumb Code     0  libinit2.o(.ARM.Collect$$libinit$$00000004)
    __rt_lib_init_rand_1                     0x08000203   Thumb Code     0  libinit2.o(.ARM.Collect$$libinit$$0000000E)
    __rt_lib_init_return                     0x08000203   Thumb Code     0  libinit2.o(.ARM.Collect$$libinit$$00000033)
    __rt_lib_init_signal_1                   0x08000203   Thumb Code     0  libinit2.o(.ARM.Collect$$libinit$$0000001D)
    __rt_lib_init_stdio_1                    0x08000203   Thumb Code     0  libinit2.o(.ARM.Collect$$libinit$$00000025)
    __rt_lib_init_user_alloc_1               0x08000203   Thumb Code     0  libinit2.o(.ARM.Collect$$libinit$$0000000C)
    __rt_lib_shutdown                        0x08000205   Thumb Code     0  libshutdown.o(.ARM.Collect$$libshutdown$$00000000)
    __rt_lib_shutdown_cpp_1                  0x08000207   Thumb Code     0  libshutdown2.o(.ARM.Collect$$libshutdown$$00000004)
    __rt_lib_shutdown_fini_1                 0x08000207   Thumb Code     0  libshutdown2.o(.ARM.Collect$$libshutdown$$00000002)
    __rt_lib_shutdown_fp_trap_1              0x08000207   Thumb Code     0  libshutdown2.o(.ARM.Collect$$libshutdown$$00000009)
    __rt_lib_shutdown_heap_1                 0x08000207   Thumb Code     0  libshutdown2.o(.ARM.Collect$$libshutdown$$00000011)
    __rt_lib_shutdown_return                 0x08000207   Thumb Code     0  libshutdown2.o(.ARM.Collect$$libshutdown$$00000012)
    __rt_lib_shutdown_signal_1               0x08000207   Thumb Code     0  libshutdown2.o(.ARM.Collect$$libshutdown$$0000000C)
    __rt_lib_shutdown_stdio_1                0x08000207   Thumb Code     0  libshutdown2.o(.ARM.Collect$$libshutdown$$00000006)
    __rt_lib_shutdown_user_alloc_1           0x08000207   Thumb Code     0  libshutdown2.o(.ARM.Collect$$libshutdown$$0000000E)
    __rt_entry                               0x08000209   Thumb Code     0  __rtentry.o(.ARM.Collect$$rtentry$$00000000)
    __rt_entry_presh_1                       0x08000209   Thumb Code     0  __rtentry2.o(.ARM.Collect$$rtentry$$00000002)
    __rt_entry_sh                            0x08000209   Thumb Code     0  __rtentry4.o(.ARM.Collect$$rtentry$$00000004)
    __rt_entry_li                            0x0800020f   Thumb Code     0  __rtentry2.o(.ARM.Collect$$rtentry$$0000000A)
    __rt_entry_postsh_1                      0x0800020f   Thumb Code     0  __rtentry2.o(.ARM.Collect$$rtentry$$00000009)
    __rt_entry_main                          0x08000213   Thumb Code     0  __rtentry2.o(.ARM.Collect$$rtentry$$0000000D)
    __rt_entry_postli_1                      0x08000213   Thumb Code     0  __rtentry2.o(.ARM.Collect$$rtentry$$0000000C)
    __rt_exit                                0x0800021b   Thumb Code     0  rtexit.o(.ARM.Collect$$rtexit$$00000000)
    __rt_exit_ls                             0x0800021d   Thumb Code     0  rtexit2.o(.ARM.Collect$$rtexit$$00000003)
    __rt_exit_prels_1                        0x0800021d   Thumb Code     0  rtexit2.o(.ARM.Collect$$rtexit$$00000002)
    __rt_exit_exit                           0x08000221   Thumb Code     0  rtexit2.o(.ARM.Collect$$rtexit$$00000004)
    SVC_Handler                              0x08000229   Thumb Code    28  port.o(.emb_text)
    __asm___6_port_c_39a90d8d__prvStartFirstTask 0x08000249   Thumb Code    36  port.o(.emb_text)
    __asm___6_port_c_39a90d8d__prvEnableVFP  0x08000271   Thumb Code    16  port.o(.emb_text)
    PendSV_Handler                           0x08000285   Thumb Code    88  port.o(.emb_text)
    vPortGetIPSR                             0x080002e1   Thumb Code     6  port.o(.emb_text)
    Reset_Handler                            0x080002e9   Thumb Code     8  startup_stm32f407xx.o(.text)
    ADC_IRQHandler                           0x08000303   Thumb Code     0  startup_stm32f407xx.o(.text)
    CAN1_RX0_IRQHandler                      0x08000303   Thumb Code     0  startup_stm32f407xx.o(.text)
    CAN1_RX1_IRQHandler                      0x08000303   Thumb Code     0  startup_stm32f407xx.o(.text)
    CAN1_SCE_IRQHandler                      0x08000303   Thumb Code     0  startup_stm32f407xx.o(.text)
    CAN1_TX_IRQHandler                       0x08000303   Thumb Code     0  startup_stm32f407xx.o(.text)
    CAN2_RX0_IRQHandler                      0x08000303   Thumb Code     0  startup_stm32f407xx.o(.text)
    CAN2_RX1_IRQHandler                      0x08000303   Thumb Code     0  startup_stm32f407xx.o(.text)
    CAN2_SCE_IRQHandler                      0x08000303   Thumb Code     0  startup_stm32f407xx.o(.text)
    CAN2_TX_IRQHandler                       0x08000303   Thumb Code     0  startup_stm32f407xx.o(.text)
    DCMI_IRQHandler                          0x08000303   Thumb Code     0  startup_stm32f407xx.o(.text)
    DMA1_Stream0_IRQHandler                  0x08000303   Thumb Code     0  startup_stm32f407xx.o(.text)
    DMA1_Stream1_IRQHandler                  0x08000303   Thumb Code     0  startup_stm32f407xx.o(.text)
    DMA1_Stream2_IRQHandler                  0x08000303   Thumb Code     0  startup_stm32f407xx.o(.text)
    DMA1_Stream3_IRQHandler                  0x08000303   Thumb Code     0  startup_stm32f407xx.o(.text)
    DMA1_Stream4_IRQHandler                  0x08000303   Thumb Code     0  startup_stm32f407xx.o(.text)
    DMA1_Stream7_IRQHandler                  0x08000303   Thumb Code     0  startup_stm32f407xx.o(.text)
    DMA2_Stream0_IRQHandler                  0x08000303   Thumb Code     0  startup_stm32f407xx.o(.text)
    DMA2_Stream2_IRQHandler                  0x08000303   Thumb Code     0  startup_stm32f407xx.o(.text)
    DMA2_Stream3_IRQHandler                  0x08000303   Thumb Code     0  startup_stm32f407xx.o(.text)
    DMA2_Stream4_IRQHandler                  0x08000303   Thumb Code     0  startup_stm32f407xx.o(.text)
    DMA2_Stream6_IRQHandler                  0x08000303   Thumb Code     0  startup_stm32f407xx.o(.text)
    DMA2_Stream7_IRQHandler                  0x08000303   Thumb Code     0  startup_stm32f407xx.o(.text)
    ETH_IRQHandler                           0x08000303   Thumb Code     0  startup_stm32f407xx.o(.text)
    ETH_WKUP_IRQHandler                      0x08000303   Thumb Code     0  startup_stm32f407xx.o(.text)
    EXTI0_IRQHandler                         0x08000303   Thumb Code     0  startup_stm32f407xx.o(.text)
    EXTI15_10_IRQHandler                     0x08000303   Thumb Code     0  startup_stm32f407xx.o(.text)
    EXTI1_IRQHandler                         0x08000303   Thumb Code     0  startup_stm32f407xx.o(.text)
    EXTI2_IRQHandler                         0x08000303   Thumb Code     0  startup_stm32f407xx.o(.text)
    EXTI3_IRQHandler                         0x08000303   Thumb Code     0  startup_stm32f407xx.o(.text)
    EXTI4_IRQHandler                         0x08000303   Thumb Code     0  startup_stm32f407xx.o(.text)
    EXTI9_5_IRQHandler                       0x08000303   Thumb Code     0  startup_stm32f407xx.o(.text)
    FLASH_IRQHandler                         0x08000303   Thumb Code     0  startup_stm32f407xx.o(.text)
    FMC_IRQHandler                           0x08000303   Thumb Code     0  startup_stm32f407xx.o(.text)
    FPU_IRQHandler                           0x08000303   Thumb Code     0  startup_stm32f407xx.o(.text)
    HASH_RNG_IRQHandler                      0x08000303   Thumb Code     0  startup_stm32f407xx.o(.text)
    I2C1_ER_IRQHandler                       0x08000303   Thumb Code     0  startup_stm32f407xx.o(.text)
    I2C1_EV_IRQHandler                       0x08000303   Thumb Code     0  startup_stm32f407xx.o(.text)
    I2C2_ER_IRQHandler                       0x08000303   Thumb Code     0  startup_stm32f407xx.o(.text)
    I2C2_EV_IRQHandler                       0x08000303   Thumb Code     0  startup_stm32f407xx.o(.text)
    I2C3_ER_IRQHandler                       0x08000303   Thumb Code     0  startup_stm32f407xx.o(.text)
    I2C3_EV_IRQHandler                       0x08000303   Thumb Code     0  startup_stm32f407xx.o(.text)
    OTG_FS_IRQHandler                        0x08000303   Thumb Code     0  startup_stm32f407xx.o(.text)
    OTG_FS_WKUP_IRQHandler                   0x08000303   Thumb Code     0  startup_stm32f407xx.o(.text)
    OTG_HS_EP1_IN_IRQHandler                 0x08000303   Thumb Code     0  startup_stm32f407xx.o(.text)
    OTG_HS_EP1_OUT_IRQHandler                0x08000303   Thumb Code     0  startup_stm32f407xx.o(.text)
    OTG_HS_IRQHandler                        0x08000303   Thumb Code     0  startup_stm32f407xx.o(.text)
    OTG_HS_WKUP_IRQHandler                   0x08000303   Thumb Code     0  startup_stm32f407xx.o(.text)
    PVD_IRQHandler                           0x08000303   Thumb Code     0  startup_stm32f407xx.o(.text)
    RCC_IRQHandler                           0x08000303   Thumb Code     0  startup_stm32f407xx.o(.text)
    RTC_Alarm_IRQHandler                     0x08000303   Thumb Code     0  startup_stm32f407xx.o(.text)
    RTC_WKUP_IRQHandler                      0x08000303   Thumb Code     0  startup_stm32f407xx.o(.text)
    SDIO_IRQHandler                          0x08000303   Thumb Code     0  startup_stm32f407xx.o(.text)
    SPI1_IRQHandler                          0x08000303   Thumb Code     0  startup_stm32f407xx.o(.text)
    SPI2_IRQHandler                          0x08000303   Thumb Code     0  startup_stm32f407xx.o(.text)
    SPI3_IRQHandler                          0x08000303   Thumb Code     0  startup_stm32f407xx.o(.text)
    TAMP_STAMP_IRQHandler                    0x08000303   Thumb Code     0  startup_stm32f407xx.o(.text)
    TIM1_BRK_TIM9_IRQHandler                 0x08000303   Thumb Code     0  startup_stm32f407xx.o(.text)
    TIM1_CC_IRQHandler                       0x08000303   Thumb Code     0  startup_stm32f407xx.o(.text)
    TIM1_TRG_COM_TIM11_IRQHandler            0x08000303   Thumb Code     0  startup_stm32f407xx.o(.text)
    TIM2_IRQHandler                          0x08000303   Thumb Code     0  startup_stm32f407xx.o(.text)
    TIM3_IRQHandler                          0x08000303   Thumb Code     0  startup_stm32f407xx.o(.text)
    TIM4_IRQHandler                          0x08000303   Thumb Code     0  startup_stm32f407xx.o(.text)
    TIM5_IRQHandler                          0x08000303   Thumb Code     0  startup_stm32f407xx.o(.text)
    TIM6_DAC_IRQHandler                      0x08000303   Thumb Code     0  startup_stm32f407xx.o(.text)
    TIM7_IRQHandler                          0x08000303   Thumb Code     0  startup_stm32f407xx.o(.text)
    TIM8_BRK_TIM12_IRQHandler                0x08000303   Thumb Code     0  startup_stm32f407xx.o(.text)
    TIM8_CC_IRQHandler                       0x08000303   Thumb Code     0  startup_stm32f407xx.o(.text)
    TIM8_TRG_COM_TIM14_IRQHandler            0x08000303   Thumb Code     0  startup_stm32f407xx.o(.text)
    TIM8_UP_TIM13_IRQHandler                 0x08000303   Thumb Code     0  startup_stm32f407xx.o(.text)
    UART4_IRQHandler                         0x08000303   Thumb Code     0  startup_stm32f407xx.o(.text)
    UART5_IRQHandler                         0x08000303   Thumb Code     0  startup_stm32f407xx.o(.text)
    USART3_IRQHandler                        0x08000303   Thumb Code     0  startup_stm32f407xx.o(.text)
    WWDG_IRQHandler                          0x08000303   Thumb Code     0  startup_stm32f407xx.o(.text)
    __user_initial_stackheap                 0x08000305   Thumb Code     0  startup_stm32f407xx.o(.text)
    __use_no_semihosting                     0x08000329   Thumb Code     2  use_no_semi_2.o(.text)
    __aeabi_uldivmod                         0x0800032b   Thumb Code     0  lludivv7m.o(.text)
    _ll_udiv                                 0x0800032b   Thumb Code   238  lludivv7m.o(.text)
    __2printf                                0x08000419   Thumb Code    20  noretval__2printf.o(.text)
    __aeabi_memcpy                           0x08000431   Thumb Code     0  rt_memcpy_v6.o(.text)
    __rt_memcpy                              0x08000431   Thumb Code   138  rt_memcpy_v6.o(.text)
    _memcpy_lastbytes                        0x08000497   Thumb Code     0  rt_memcpy_v6.o(.text)
    __aeabi_memset                           0x080004bb   Thumb Code    16  aeabi_memset.o(.text)
    __aeabi_memclr                           0x080004cb   Thumb Code     0  rt_memclr.o(.text)
    __rt_memclr                              0x080004cb   Thumb Code    68  rt_memclr.o(.text)
    _memset                                  0x080004cf   Thumb Code     0  rt_memclr.o(.text)
    __aeabi_memclr4                          0x0800050f   Thumb Code     0  rt_memclr_w.o(.text)
    __aeabi_memclr8                          0x0800050f   Thumb Code     0  rt_memclr_w.o(.text)
    __rt_memclr_w                            0x0800050f   Thumb Code    78  rt_memclr_w.o(.text)
    _memset_w                                0x08000513   Thumb Code     0  rt_memclr_w.o(.text)
    __use_two_region_memory                  0x0800055d   Thumb Code     2  heapauxi.o(.text)
    __rt_heap_escrow$2region                 0x0800055f   Thumb Code     2  heapauxi.o(.text)
    __rt_heap_expand$2region                 0x08000561   Thumb Code     2  heapauxi.o(.text)
    __I$use$semihosting                      0x08000563   Thumb Code     0  use_no_semi.o(.text)
    __use_no_semihosting_swi                 0x08000563   Thumb Code     2  use_no_semi.o(.text)
    _printf_char_file                        0x08000565   Thumb Code    32  _printf_char_file.o(.text)
    __aeabi_memcpy4                          0x08000589   Thumb Code     0  rt_memcpy_w.o(.text)
    __aeabi_memcpy8                          0x08000589   Thumb Code     0  rt_memcpy_w.o(.text)
    __rt_memcpy_w                            0x08000589   Thumb Code   100  rt_memcpy_w.o(.text)
    _memcpy_lastbytes_aligned                0x080005d1   Thumb Code     0  rt_memcpy_w.o(.text)
    _printf_char_common                      0x080005f7   Thumb Code    32  _printf_char_common.o(.text)
    ferror                                   0x0800061d   Thumb Code     8  ferror.o(.text)
    __user_setup_stackheap                   0x08000625   Thumb Code    74  sys_stackheap_outer.o(.text)
    __printf                                 0x0800066f   Thumb Code    40  __printf_nopercent.o(.text)
    exit                                     0x08000697   Thumb Code    18  exit.o(.text)
    __user_libspace                          0x080006a9   Thumb Code     8  libspace.o(.text)
    __user_perproc_libspace                  0x080006a9   Thumb Code     0  libspace.o(.text)
    __user_perthread_libspace                0x080006a9   Thumb Code     0  libspace.o(.text)
    BusFault_Handler                         0x080006b1   Thumb Code     2  stm32f4xx_it.o(i.BusFault_Handler)
    Car_Init                                 0x080006b5   Thumb Code    72  act.o(i.Car_Init)
    DMA1_Stream5_IRQHandler                  0x08000705   Thumb Code     6  stm32f4xx_it.o(i.DMA1_Stream5_IRQHandler)
    DMA1_Stream6_IRQHandler                  0x08000711   Thumb Code     6  stm32f4xx_it.o(i.DMA1_Stream6_IRQHandler)
    DMA2_Stream1_IRQHandler                  0x0800071d   Thumb Code     6  stm32f4xx_it.o(i.DMA2_Stream1_IRQHandler)
    DMA2_Stream5_IRQHandler                  0x08000729   Thumb Code     6  stm32f4xx_it.o(i.DMA2_Stream5_IRQHandler)
    DebugMon_Handler                         0x080007d9   Thumb Code     2  stm32f4xx_it.o(i.DebugMon_Handler)
    Error_Handler                            0x080007db   Thumb Code     4  main.o(i.Error_Handler)
    HAL_DMA_Abort                            0x080007df   Thumb Code   146  stm32f4xx_hal_dma.o(i.HAL_DMA_Abort)
    HAL_DMA_Abort_IT                         0x08000871   Thumb Code    36  stm32f4xx_hal_dma.o(i.HAL_DMA_Abort_IT)
    HAL_DMA_IRQHandler                       0x08000895   Thumb Code   412  stm32f4xx_hal_dma.o(i.HAL_DMA_IRQHandler)
    HAL_DMA_Init                             0x08000a35   Thumb Code   206  stm32f4xx_hal_dma.o(i.HAL_DMA_Init)
    HAL_DMA_Start_IT                         0x08000b09   Thumb Code   110  stm32f4xx_hal_dma.o(i.HAL_DMA_Start_IT)
    HAL_Delay                                0x08000b79   Thumb Code    32  stm32f4xx_hal.o(i.HAL_Delay)
    HAL_GPIO_Init                            0x08000b9d   Thumb Code   450  stm32f4xx_hal_gpio.o(i.HAL_GPIO_Init)
    HAL_GPIO_TogglePin                       0x08000d8d   Thumb Code    16  stm32f4xx_hal_gpio.o(i.HAL_GPIO_TogglePin)
    HAL_GPIO_WritePin                        0x08000d9d   Thumb Code    10  stm32f4xx_hal_gpio.o(i.HAL_GPIO_WritePin)
    HAL_GetTick                              0x08000da9   Thumb Code     6  stm32f4xx_hal.o(i.HAL_GetTick)
    HAL_IncTick                              0x08000db5   Thumb Code    12  stm32f4xx_hal.o(i.HAL_IncTick)
    HAL_Init                                 0x08000dc5   Thumb Code    48  stm32f4xx_hal.o(i.HAL_Init)
    HAL_InitTick                             0x08000df9   Thumb Code   120  stm32f4xx_hal_timebase_tim.o(i.HAL_InitTick)
    HAL_MspInit                              0x08000e85   Thumb Code    52  stm32f4xx_hal_msp.o(i.HAL_MspInit)
    HAL_NVIC_EnableIRQ                       0x08000ebd   Thumb Code    26  stm32f4xx_hal_cortex.o(i.HAL_NVIC_EnableIRQ)
    HAL_NVIC_SetPriority                     0x08000ed9   Thumb Code    60  stm32f4xx_hal_cortex.o(i.HAL_NVIC_SetPriority)
    HAL_NVIC_SetPriorityGrouping             0x08000f19   Thumb Code    26  stm32f4xx_hal_cortex.o(i.HAL_NVIC_SetPriorityGrouping)
    HAL_RCC_ClockConfig                      0x08000f3d   Thumb Code   288  stm32f4xx_hal_rcc.o(i.HAL_RCC_ClockConfig)
    HAL_RCC_GetClockConfig                   0x08001071   Thumb Code    54  stm32f4xx_hal_rcc.o(i.HAL_RCC_GetClockConfig)
    HAL_RCC_GetPCLK1Freq                     0x080010b1   Thumb Code    20  stm32f4xx_hal_rcc.o(i.HAL_RCC_GetPCLK1Freq)
    HAL_RCC_GetPCLK2Freq                     0x080010d1   Thumb Code    20  stm32f4xx_hal_rcc.o(i.HAL_RCC_GetPCLK2Freq)
    HAL_RCC_GetSysClockFreq                  0x080010f1   Thumb Code    88  stm32f4xx_hal_rcc.o(i.HAL_RCC_GetSysClockFreq)
    HAL_RCC_OscConfig                        0x08001151   Thumb Code   856  stm32f4xx_hal_rcc.o(i.HAL_RCC_OscConfig)
    HAL_TIMEx_BreakCallback                  0x080014bd   Thumb Code     2  stm32f4xx_hal_tim_ex.o(i.HAL_TIMEx_BreakCallback)
    HAL_TIMEx_CommutCallback                 0x080014bf   Thumb Code     2  stm32f4xx_hal_tim_ex.o(i.HAL_TIMEx_CommutCallback)
    HAL_TIMEx_MasterConfigSynchronization    0x080014c1   Thumb Code   116  stm32f4xx_hal_tim_ex.o(i.HAL_TIMEx_MasterConfigSynchronization)
    HAL_TIM_Base_Init                        0x08001551   Thumb Code    90  stm32f4xx_hal_tim.o(i.HAL_TIM_Base_Init)
    HAL_TIM_Base_MspInit                     0x080015ab   Thumb Code     2  stm32f4xx_hal_tim.o(i.HAL_TIM_Base_MspInit)
    HAL_TIM_Base_Start_IT                    0x080015ad   Thumb Code   100  stm32f4xx_hal_tim.o(i.HAL_TIM_Base_Start_IT)
    HAL_TIM_IC_CaptureCallback               0x0800162d   Thumb Code     2  stm32f4xx_hal_tim.o(i.HAL_TIM_IC_CaptureCallback)
    HAL_TIM_IRQHandler                       0x0800162f   Thumb Code   304  stm32f4xx_hal_tim.o(i.HAL_TIM_IRQHandler)
    HAL_TIM_MspPostInit                      0x08001761   Thumb Code   184  tim.o(i.HAL_TIM_MspPostInit)
    HAL_TIM_OC_DelayElapsedCallback          0x08001835   Thumb Code     2  stm32f4xx_hal_tim.o(i.HAL_TIM_OC_DelayElapsedCallback)
    HAL_TIM_PWM_ConfigChannel                0x08001837   Thumb Code   204  stm32f4xx_hal_tim.o(i.HAL_TIM_PWM_ConfigChannel)
    HAL_TIM_PWM_Init                         0x08001903   Thumb Code    90  stm32f4xx_hal_tim.o(i.HAL_TIM_PWM_Init)
    HAL_TIM_PWM_MspInit                      0x0800195d   Thumb Code    74  tim.o(i.HAL_TIM_PWM_MspInit)
    HAL_TIM_PWM_PulseFinishedCallback        0x080019b5   Thumb Code     2  stm32f4xx_hal_tim.o(i.HAL_TIM_PWM_PulseFinishedCallback)
    HAL_TIM_PWM_Start                        0x080019b9   Thumb Code   172  stm32f4xx_hal_tim.o(i.HAL_TIM_PWM_Start)
    HAL_TIM_PeriodElapsedCallback            0x08001a81   Thumb Code    14  main.o(i.HAL_TIM_PeriodElapsedCallback)
    HAL_TIM_TriggerCallback                  0x08001a95   Thumb Code     2  stm32f4xx_hal_tim.o(i.HAL_TIM_TriggerCallback)
    HAL_UARTEx_ReceiveToIdle_DMA             0x08001a97   Thumb Code    74  stm32f4xx_hal_uart.o(i.HAL_UARTEx_ReceiveToIdle_DMA)
    HAL_UARTEx_RxEventCallback               0x08001ae1   Thumb Code    74  main.o(i.HAL_UARTEx_RxEventCallback)
    HAL_UART_DMAStop                         0x08001b35   Thumb Code   112  stm32f4xx_hal_uart.o(i.HAL_UART_DMAStop)
    HAL_UART_ErrorCallback                   0x08001ba5   Thumb Code     2  stm32f4xx_hal_uart.o(i.HAL_UART_ErrorCallback)
    HAL_UART_IRQHandler                      0x08001ba9   Thumb Code   636  stm32f4xx_hal_uart.o(i.HAL_UART_IRQHandler)
    HAL_UART_Init                            0x08001e29   Thumb Code   100  stm32f4xx_hal_uart.o(i.HAL_UART_Init)
    HAL_UART_MspInit                         0x08001e8d   Thumb Code   460  usart.o(i.HAL_UART_MspInit)
    HAL_UART_Receive_DMA                     0x08002081   Thumb Code    28  stm32f4xx_hal_uart.o(i.HAL_UART_Receive_DMA)
    HAL_UART_RxCpltCallback                  0x0800209d   Thumb Code     2  stm32f4xx_hal_uart.o(i.HAL_UART_RxCpltCallback)
    HAL_UART_RxHalfCpltCallback              0x0800209f   Thumb Code     2  stm32f4xx_hal_uart.o(i.HAL_UART_RxHalfCpltCallback)
    HAL_UART_Transmit                        0x080020a1   Thumb Code   160  stm32f4xx_hal_uart.o(i.HAL_UART_Transmit)
    HAL_UART_TxCpltCallback                  0x08002141   Thumb Code     2  stm32f4xx_hal_uart.o(i.HAL_UART_TxCpltCallback)
    HardFault_Handler                        0x08002143   Thumb Code     2  stm32f4xx_it.o(i.HardFault_Handler)
    MX_DMA_Init                              0x08002145   Thumb Code   104  dma.o(i.MX_DMA_Init)
    MX_FREERTOS_Init                         0x080021b1   Thumb Code    78  freertos.o(i.MX_FREERTOS_Init)
    MX_GPIO_Init                             0x08002215   Thumb Code   248  gpio.o(i.MX_GPIO_Init)
    MX_TIM2_Init                             0x08002321   Thumb Code   156  tim.o(i.MX_TIM2_Init)
    MX_TIM3_Init                             0x080023c1   Thumb Code   152  tim.o(i.MX_TIM3_Init)
    MX_TIM4_Init                             0x08002461   Thumb Code   152  tim.o(i.MX_TIM4_Init)
    MX_USART1_UART_Init                      0x08002501   Thumb Code    68  usart.o(i.MX_USART1_UART_Init)
    MX_USART2_UART_Init                      0x08002551   Thumb Code    48  usart.o(i.MX_USART2_UART_Init)
    MX_USART6_UART_Init                      0x08002589   Thumb Code    68  usart.o(i.MX_USART6_UART_Init)
    MemManage_Handler                        0x080025d9   Thumb Code     2  stm32f4xx_it.o(i.MemManage_Handler)
    Motor_Enable                             0x080025dd   Thumb Code    22  motor.o(i.Motor_Enable)
    Motor_Init                               0x080025f9   Thumb Code    16  motor.o(i.Motor_Init)
    Motor_ProcessRxData                      0x08002611   Thumb Code    94  motor.o(i.Motor_ProcessRxData)
    Motor_SetMode                            0x08002679   Thumb Code    26  motor.o(i.Motor_SetMode)
    Motor_SetSpeed                           0x08002699   Thumb Code    36  motor.o(i.Motor_SetSpeed)
    Motor_SetSpeed_FromCmd                   0x080026c1   Thumb Code   136  act.o(i.Motor_SetSpeed_FromCmd)
    NMI_Handler                              0x08002759   Thumb Code     2  stm32f4xx_it.o(i.NMI_Handler)
    StartDefaultTask                         0x0800275d   Thumb Code   174  freertos.o(i.StartDefaultTask)
    Status_Task                              0x0800282d   Thumb Code    26  freertos.o(i.Status_Task)
    SysTick_Handler                          0x0800284d   Thumb Code    26  cmsis_os2.o(i.SysTick_Handler)
    SystemClock_Config                       0x08002869   Thumb Code   142  main.o(i.SystemClock_Config)
    SystemInit                               0x08002901   Thumb Code    12  system_stm32f4xx.o(i.SystemInit)
    TIM1_UP_TIM10_IRQHandler                 0x08002911   Thumb Code     6  stm32f4xx_it.o(i.TIM1_UP_TIM10_IRQHandler)
    TIM_Base_SetConfig                       0x0800291d   Thumb Code   164  stm32f4xx_hal_tim.o(i.TIM_Base_SetConfig)
    TIM_CCxChannelCmd                        0x080029ed   Thumb Code    26  stm32f4xx_hal_tim.o(i.TIM_CCxChannelCmd)
    TIM_OC2_SetConfig                        0x08002a69   Thumb Code    98  stm32f4xx_hal_tim.o(i.TIM_OC2_SetConfig)
    UART_Start_Receive_DMA                   0x08002ec1   Thumb Code   146  stm32f4xx_hal_uart.o(i.UART_Start_Receive_DMA)
    USART1_IRQHandler                        0x08002fd5   Thumb Code     6  stm32f4xx_it.o(i.USART1_IRQHandler)
    USART2_IRQHandler                        0x08002fe1   Thumb Code     6  stm32f4xx_it.o(i.USART2_IRQHandler)
    USART6_IRQHandler                        0x08002fed   Thumb Code    90  stm32f4xx_it.o(i.USART6_IRQHandler)
    UsageFault_Handler                       0x08003059   Thumb Code     2  stm32f4xx_it.o(i.UsageFault_Handler)
    _sys_exit                                0x0800307b   Thumb Code     2  usart.o(i._sys_exit)
    bsp_init                                 0x0800307d   Thumb Code    10  user_main.o(i.bsp_init)
    fputc                                    0x080030b5   Thumb Code    18  usart.o(i.fputc)
    fun_ctrl_Task                            0x080030cd   Thumb Code    34  freertos.o(i.fun_ctrl_Task)
    main                                     0x080030f5   Thumb Code   236  main.o(i.main)
    osDelay                                  0x08003201   Thumb Code    26  cmsis_os2.o(i.osDelay)
    osKernelInitialize                       0x0800321d   Thumb Code    32  cmsis_os2.o(i.osKernelInitialize)
    osKernelStart                            0x08003241   Thumb Code    48  cmsis_os2.o(i.osKernelStart)
    osThreadNew                              0x08003279   Thumb Code   138  cmsis_os2.o(i.osThreadNew)
    pvPortMalloc                             0x08003a99   Thumb Code   216  heap_4.o(i.pvPortMalloc)
    pxPortInitialiseStack                    0x08003b75   Thumb Code    40  port.o(i.pxPortInitialiseStack)
    serial_frame_build                       0x08003bc9   Thumb Code    88  serial_frame.o(i.serial_frame_build)
    serial_frame_parse                       0x08003c21   Thumb Code   130  serial_frame.o(i.serial_frame_parse)
    user_main                                0x08003ca3   Thumb Code     6  user_main.o(i.user_main)
    uxListRemove                             0x08003ca9   Thumb Code    38  list.o(i.uxListRemove)
    vApplicationGetIdleTaskMemory            0x08003cd1   Thumb Code    16  cmsis_os2.o(i.vApplicationGetIdleTaskMemory)
    vApplicationGetTimerTaskMemory           0x08003ce5   Thumb Code    18  cmsis_os2.o(i.vApplicationGetTimerTaskMemory)
    vListInitialise                          0x08003cfd   Thumb Code    22  list.o(i.vListInitialise)
    vListInitialiseItem                      0x08003d13   Thumb Code     6  list.o(i.vListInitialiseItem)
    vListInsert                              0x08003d19   Thumb Code    48  list.o(i.vListInsert)
    vListInsertEnd                           0x08003d49   Thumb Code    24  list.o(i.vListInsertEnd)
    vPortEnterCritical                       0x08003d61   Thumb Code    54  port.o(i.vPortEnterCritical)
    vPortExitCritical                        0x08003da1   Thumb Code    34  port.o(i.vPortExitCritical)
    vPortFree                                0x08003dc9   Thumb Code    94  heap_4.o(i.vPortFree)
    vPortSetupTimerInterrupt                 0x08003e2d   Thumb Code    32  port.o(i.vPortSetupTimerInterrupt)
    vPortValidateInterruptPriority           0x08003e51   Thumb Code    74  port.o(i.vPortValidateInterruptPriority)
    vQueueAddToRegistry                      0x08003ea5   Thumb Code    34  queue.o(i.vQueueAddToRegistry)
    vQueueWaitForMessageRestricted           0x08003ecd   Thumb Code    68  queue.o(i.vQueueWaitForMessageRestricted)
    vTaskDelay                               0x08003f11   Thumb Code    66  tasks.o(i.vTaskDelay)
    vTaskInternalSetTimeOutState             0x08003f5d   Thumb Code    12  tasks.o(i.vTaskInternalSetTimeOutState)
    vTaskMissedYield                         0x08003f6d   Thumb Code     8  tasks.o(i.vTaskMissedYield)
    vTaskPlaceOnEventList                    0x08003f79   Thumb Code    44  tasks.o(i.vTaskPlaceOnEventList)
    vTaskPlaceOnEventListRestricted          0x08003fa9   Thumb Code    52  tasks.o(i.vTaskPlaceOnEventListRestricted)
    vTaskStartScheduler                      0x08003fe1   Thumb Code   118  tasks.o(i.vTaskStartScheduler)
    vTaskSuspendAll                          0x08004069   Thumb Code    10  tasks.o(i.vTaskSuspendAll)
    vTaskSwitchContext                       0x08004079   Thumb Code    90  tasks.o(i.vTaskSwitchContext)
    xPortStartScheduler                      0x080040dd   Thumb Code   222  port.o(i.xPortStartScheduler)
    xPortSysTickHandler                      0x080041d1   Thumb Code    38  port.o(i.xPortSysTickHandler)
    xQueueGenericCreate                      0x080041fd   Thumb Code    66  queue.o(i.xQueueGenericCreate)
    xQueueGenericCreateStatic                0x0800423f   Thumb Code   102  queue.o(i.xQueueGenericCreateStatic)
    xQueueGenericReset                       0x080042a5   Thumb Code   132  queue.o(i.xQueueGenericReset)
    xQueueGenericSend                        0x0800432d   Thumb Code   346  queue.o(i.xQueueGenericSend)
    xQueueGenericSendFromISR                 0x0800448d   Thumb Code   190  queue.o(i.xQueueGenericSendFromISR)
    xQueueReceive                            0x0800454d   Thumb Code   308  queue.o(i.xQueueReceive)
    xTaskCheckForTimeOut                     0x08004685   Thumb Code   112  tasks.o(i.xTaskCheckForTimeOut)
    xTaskCreate                              0x080046f9   Thumb Code    90  tasks.o(i.xTaskCreate)
    xTaskCreateStatic                        0x08004753   Thumb Code    86  tasks.o(i.xTaskCreateStatic)
    xTaskGetSchedulerState                   0x080047a9   Thumb Code    22  tasks.o(i.xTaskGetSchedulerState)
    xTaskGetTickCount                        0x080047c5   Thumb Code     6  tasks.o(i.xTaskGetTickCount)
    xTaskIncrementTick                       0x080047d1   Thumb Code   192  tasks.o(i.xTaskIncrementTick)
    xTaskPriorityDisinherit                  0x08004899   Thumb Code   118  tasks.o(i.xTaskPriorityDisinherit)
    xTaskRemoveFromEventList                 0x08004919   Thumb Code    98  tasks.o(i.xTaskRemoveFromEventList)
    xTaskResumeAll                           0x08004989   Thumb Code   182  tasks.o(i.xTaskResumeAll)
    xTimerCreateTimerTask                    0x08004a4d   Thumb Code    78  timers.o(i.xTimerCreateTimerTask)
    xTimerGenericCommand                     0x08004aad   Thumb Code    98  timers.o(i.xTimerGenericCommand)
    _fp_init                                 0x08004b15   Thumb Code    10  fpinit.o(x$fpl$fpinit)
    __fplib_config_fpu_vfp                   0x08004b1d   Thumb Code     0  fpinit.o(x$fpl$fpinit)
    __fplib_config_pureend_doubles           0x08004b1d   Thumb Code     0  fpinit.o(x$fpl$fpinit)
    defaultTask_attributes                   0x08004b20   Data          36  freertos.o(.constdata)
    fun_ctrl_task_attributes                 0x08004b44   Data          36  freertos.o(.constdata)
    status_task_attributes                   0x08004b68   Data          36  freertos.o(.constdata)
    AHBPrescTable                            0x08004b94   Data          16  system_stm32f4xx.o(.constdata)
    APBPrescTable                            0x08004ba4   Data           8  system_stm32f4xx.o(.constdata)
    Region$$Table$$Base                      0x08004c28   Number         0  anon$$obj.o(Region$$Table)
    Region$$Table$$Limit                     0x08004c48   Number         0  anon$$obj.o(Region$$Table)
    defaultTaskHandle                        0x20000000   Data           4  freertos.o(.data)
    fun_ctrl_taskHandle                      0x20000004   Data           4  freertos.o(.data)
    status_taskHandle                        0x20000008   Data           4  freertos.o(.data)
    uartQueue                                0x2000000c   Data           4  freertos.o(.data)
    cmd                                      0x20000010   Data           4  freertos.o(.data)
    __stdout                                 0x20000014   Data           4  usart.o(.data)
    uwTickFreq                               0x20000018   Data           1  stm32f4xx_hal.o(.data)
    uwTickPrio                               0x2000001c   Data           4  stm32f4xx_hal.o(.data)
    uwTick                                   0x20000020   Data           4  stm32f4xx_hal.o(.data)
    SystemCoreClock                          0x20000024   Data           4  system_stm32f4xx.o(.data)
    pxCurrentTCB                             0x20000028   Data           4  tasks.o(.data)
    rpm_l                                    0x200000a8   Data           2  act.o(.data)
    rpm_r                                    0x200000aa   Data           2  act.o(.data)
    v_left                                   0x200000ac   Data           4  act.o(.data)
    v_right                                  0x200000b0   Data           4  act.o(.data)
    fb1                                      0x200000b4   Data           6  act.o(.data)
    fb2                                      0x200000ba   Data           6  act.o(.data)
    xUART2                                   0x200000c4   Data        1026  main.o(.bss)
    main_ctrl_fsm_handle                     0x200004c8   Data          28  freertos.o(.bss)
    pkt                                      0x200004e4   Data          66  freertos.o(.bss)
    htim2                                    0x20000528   Data          72  tim.o(.bss)
    htim3                                    0x20000570   Data          72  tim.o(.bss)
    htim4                                    0x200005b8   Data          72  tim.o(.bss)
    huart1                                   0x20000700   Data          72  usart.o(.bss)
    huart2                                   0x20000748   Data          72  usart.o(.bss)
    huart6                                   0x20000790   Data          72  usart.o(.bss)
    hdma_usart1_rx                           0x200007d8   Data          96  usart.o(.bss)
    hdma_usart2_rx                           0x20000838   Data          96  usart.o(.bss)
    hdma_usart2_tx                           0x20000898   Data          96  usart.o(.bss)
    hdma_usart6_rx                           0x200008f8   Data          96  usart.o(.bss)
    frame                                    0x20000a58   Data         258  stm32f4xx_it.o(.bss)
    htim1                                    0x20000b5c   Data          72  stm32f4xx_hal_timebase_tim.o(.bss)
    xQueueRegistry                           0x20000ba4   Data          64  queue.o(.bss)
    __libspace_start                         0x20005484   Data          96  libspace.o(.bss)
    __temporary_stack_top$libspace           0x200054e4   Data           0  libspace.o(.bss)



==============================================================================

Memory Map of the image

  Image Entry point : 0x08000189

  Load Region LR_IROM1 (Base: 0x08000000, Size: 0x00004d0c, Max: 0x00100000, ABSOLUTE)

    Execution Region ER_IROM1 (Exec base: 0x08000000, Load base: 0x08000000, Size: 0x00004c48, Max: 0x00100000, ABSOLUTE)

    Exec Addr    Load Addr    Size         Type   Attr      Idx    E Section Name        Object

    0x08000000   0x08000000   0x00000188   Data   RO            3    RESET               startup_stm32f407xx.o
    0x08000188   0x08000188   0x00000008   Code   RO         5327  * !!!main             c_w.l(__main.o)
    0x08000190   0x08000190   0x00000034   Code   RO         5506    !!!scatter          c_w.l(__scatter.o)
    0x080001c4   0x080001c4   0x0000001a   Code   RO         5508    !!handler_copy      c_w.l(__scatter_copy.o)
    0x080001de   0x080001de   0x00000002   PAD
    0x080001e0   0x080001e0   0x0000001c   Code   RO         5510    !!handler_zi        c_w.l(__scatter_zi.o)
    0x080001fc   0x080001fc   0x00000002   Code   RO         5378    .ARM.Collect$$libinit$$00000000  c_w.l(libinit.o)
    0x080001fe   0x080001fe   0x00000004   Code   RO         5390    .ARM.Collect$$libinit$$00000001  c_w.l(libinit2.o)
    0x08000202   0x08000202   0x00000000   Code   RO         5393    .ARM.Collect$$libinit$$00000004  c_w.l(libinit2.o)
    0x08000202   0x08000202   0x00000000   Code   RO         5396    .ARM.Collect$$libinit$$0000000A  c_w.l(libinit2.o)
    0x08000202   0x08000202   0x00000000   Code   RO         5398    .ARM.Collect$$libinit$$0000000C  c_w.l(libinit2.o)
    0x08000202   0x08000202   0x00000000   Code   RO         5400    .ARM.Collect$$libinit$$0000000E  c_w.l(libinit2.o)
    0x08000202   0x08000202   0x00000000   Code   RO         5403    .ARM.Collect$$libinit$$00000011  c_w.l(libinit2.o)
    0x08000202   0x08000202   0x00000000   Code   RO         5405    .ARM.Collect$$libinit$$00000013  c_w.l(libinit2.o)
    0x08000202   0x08000202   0x00000000   Code   RO         5407    .ARM.Collect$$libinit$$00000015  c_w.l(libinit2.o)
    0x08000202   0x08000202   0x00000000   Code   RO         5409    .ARM.Collect$$libinit$$00000017  c_w.l(libinit2.o)
    0x08000202   0x08000202   0x00000000   Code   RO         5411    .ARM.Collect$$libinit$$00000019  c_w.l(libinit2.o)
    0x08000202   0x08000202   0x00000000   Code   RO         5413    .ARM.Collect$$libinit$$0000001B  c_w.l(libinit2.o)
    0x08000202   0x08000202   0x00000000   Code   RO         5415    .ARM.Collect$$libinit$$0000001D  c_w.l(libinit2.o)
    0x08000202   0x08000202   0x00000000   Code   RO         5417    .ARM.Collect$$libinit$$0000001F  c_w.l(libinit2.o)
    0x08000202   0x08000202   0x00000000   Code   RO         5419    .ARM.Collect$$libinit$$00000021  c_w.l(libinit2.o)
    0x08000202   0x08000202   0x00000000   Code   RO         5421    .ARM.Collect$$libinit$$00000023  c_w.l(libinit2.o)
    0x08000202   0x08000202   0x00000000   Code   RO         5423    .ARM.Collect$$libinit$$00000025  c_w.l(libinit2.o)
    0x08000202   0x08000202   0x00000000   Code   RO         5427    .ARM.Collect$$libinit$$0000002C  c_w.l(libinit2.o)
    0x08000202   0x08000202   0x00000000   Code   RO         5429    .ARM.Collect$$libinit$$0000002E  c_w.l(libinit2.o)
    0x08000202   0x08000202   0x00000000   Code   RO         5431    .ARM.Collect$$libinit$$00000030  c_w.l(libinit2.o)
    0x08000202   0x08000202   0x00000000   Code   RO         5433    .ARM.Collect$$libinit$$00000032  c_w.l(libinit2.o)
    0x08000202   0x08000202   0x00000002   Code   RO         5434    .ARM.Collect$$libinit$$00000033  c_w.l(libinit2.o)
    0x08000204   0x08000204   0x00000002   Code   RO         5460    .ARM.Collect$$libshutdown$$00000000  c_w.l(libshutdown.o)
    0x08000206   0x08000206   0x00000000   Code   RO         5487    .ARM.Collect$$libshutdown$$00000002  c_w.l(libshutdown2.o)
    0x08000206   0x08000206   0x00000000   Code   RO         5489    .ARM.Collect$$libshutdown$$00000004  c_w.l(libshutdown2.o)
    0x08000206   0x08000206   0x00000000   Code   RO         5491    .ARM.Collect$$libshutdown$$00000006  c_w.l(libshutdown2.o)
    0x08000206   0x08000206   0x00000000   Code   RO         5494    .ARM.Collect$$libshutdown$$00000009  c_w.l(libshutdown2.o)
    0x08000206   0x08000206   0x00000000   Code   RO         5497    .ARM.Collect$$libshutdown$$0000000C  c_w.l(libshutdown2.o)
    0x08000206   0x08000206   0x00000000   Code   RO         5499    .ARM.Collect$$libshutdown$$0000000E  c_w.l(libshutdown2.o)
    0x08000206   0x08000206   0x00000000   Code   RO         5502    .ARM.Collect$$libshutdown$$00000011  c_w.l(libshutdown2.o)
    0x08000206   0x08000206   0x00000002   Code   RO         5503    .ARM.Collect$$libshutdown$$00000012  c_w.l(libshutdown2.o)
    0x08000208   0x08000208   0x00000000   Code   RO         5331    .ARM.Collect$$rtentry$$00000000  c_w.l(__rtentry.o)
    0x08000208   0x08000208   0x00000000   Code   RO         5341    .ARM.Collect$$rtentry$$00000002  c_w.l(__rtentry2.o)
    0x08000208   0x08000208   0x00000006   Code   RO         5353    .ARM.Collect$$rtentry$$00000004  c_w.l(__rtentry4.o)
    0x0800020e   0x0800020e   0x00000000   Code   RO         5343    .ARM.Collect$$rtentry$$00000009  c_w.l(__rtentry2.o)
    0x0800020e   0x0800020e   0x00000004   Code   RO         5344    .ARM.Collect$$rtentry$$0000000A  c_w.l(__rtentry2.o)
    0x08000212   0x08000212   0x00000000   Code   RO         5346    .ARM.Collect$$rtentry$$0000000C  c_w.l(__rtentry2.o)
    0x08000212   0x08000212   0x00000008   Code   RO         5347    .ARM.Collect$$rtentry$$0000000D  c_w.l(__rtentry2.o)
    0x0800021a   0x0800021a   0x00000002   Code   RO         5382    .ARM.Collect$$rtexit$$00000000  c_w.l(rtexit.o)
    0x0800021c   0x0800021c   0x00000000   Code   RO         5436    .ARM.Collect$$rtexit$$00000002  c_w.l(rtexit2.o)
    0x0800021c   0x0800021c   0x00000004   Code   RO         5437    .ARM.Collect$$rtexit$$00000003  c_w.l(rtexit2.o)
    0x08000220   0x08000220   0x00000006   Code   RO         5438    .ARM.Collect$$rtexit$$00000004  c_w.l(rtexit2.o)
    0x08000226   0x08000226   0x00000002   PAD
    0x08000228   0x08000228   0x000000be   Code   RO         4870    .emb_text           port.o
    0x080002e6   0x080002e6   0x00000002   PAD
    0x080002e8   0x080002e8   0x00000040   Code   RO            4    .text               startup_stm32f407xx.o
    0x08000328   0x08000328   0x00000002   Code   RO         5307    .text               c_w.l(use_no_semi_2.o)
    0x0800032a   0x0800032a   0x000000ee   Code   RO         5309    .text               c_w.l(lludivv7m.o)
    0x08000418   0x08000418   0x00000018   Code   RO         5313    .text               c_w.l(noretval__2printf.o)
    0x08000430   0x08000430   0x0000008a   Code   RO         5315    .text               c_w.l(rt_memcpy_v6.o)
    0x080004ba   0x080004ba   0x00000010   Code   RO         5319    .text               c_w.l(aeabi_memset.o)
    0x080004ca   0x080004ca   0x00000044   Code   RO         5321    .text               c_w.l(rt_memclr.o)
    0x0800050e   0x0800050e   0x0000004e   Code   RO         5323    .text               c_w.l(rt_memclr_w.o)
    0x0800055c   0x0800055c   0x00000006   Code   RO         5325    .text               c_w.l(heapauxi.o)
    0x08000562   0x08000562   0x00000002   Code   RO         5329    .text               c_w.l(use_no_semi.o)
    0x08000564   0x08000564   0x00000024   Code   RO         5336    .text               c_w.l(_printf_char_file.o)
    0x08000588   0x08000588   0x00000064   Code   RO         5338    .text               c_w.l(rt_memcpy_w.o)
    0x080005ec   0x080005ec   0x00000030   Code   RO         5357    .text               c_w.l(_printf_char_common.o)
    0x0800061c   0x0800061c   0x00000008   Code   RO         5359    .text               c_w.l(ferror.o)
    0x08000624   0x08000624   0x0000004a   Code   RO         5363    .text               c_w.l(sys_stackheap_outer.o)
    0x0800066e   0x0800066e   0x00000028   Code   RO         5365    .text               c_w.l(__printf_nopercent.o)
    0x08000696   0x08000696   0x00000012   Code   RO         5367    .text               c_w.l(exit.o)
    0x080006a8   0x080006a8   0x00000008   Code   RO         5379    .text               c_w.l(libspace.o)
    0x080006b0   0x080006b0   0x00000002   Code   RO          504    i.BusFault_Handler  stm32f4xx_it.o
    0x080006b2   0x080006b2   0x00000002   PAD
    0x080006b4   0x080006b4   0x00000050   Code   RO         4952    i.Car_Init          act.o
    0x08000704   0x08000704   0x0000000c   Code   RO          505    i.DMA1_Stream5_IRQHandler  stm32f4xx_it.o
    0x08000710   0x08000710   0x0000000c   Code   RO          506    i.DMA1_Stream6_IRQHandler  stm32f4xx_it.o
    0x0800071c   0x0800071c   0x0000000c   Code   RO          507    i.DMA2_Stream1_IRQHandler  stm32f4xx_it.o
    0x08000728   0x08000728   0x0000000c   Code   RO          508    i.DMA2_Stream5_IRQHandler  stm32f4xx_it.o
    0x08000734   0x08000734   0x00000028   Code   RO         2112    i.DMA_CalcBaseAndBitshift  stm32f4xx_hal_dma.o
    0x0800075c   0x0800075c   0x00000054   Code   RO         2113    i.DMA_CheckFifoParam  stm32f4xx_hal_dma.o
    0x080007b0   0x080007b0   0x00000028   Code   RO         2114    i.DMA_SetConfig     stm32f4xx_hal_dma.o
    0x080007d8   0x080007d8   0x00000002   Code   RO          509    i.DebugMon_Handler  stm32f4xx_it.o
    0x080007da   0x080007da   0x00000004   Code   RO           13    i.Error_Handler     main.o
    0x080007de   0x080007de   0x00000092   Code   RO         2115    i.HAL_DMA_Abort     stm32f4xx_hal_dma.o
    0x08000870   0x08000870   0x00000024   Code   RO         2116    i.HAL_DMA_Abort_IT  stm32f4xx_hal_dma.o
    0x08000894   0x08000894   0x000001a0   Code   RO         2120    i.HAL_DMA_IRQHandler  stm32f4xx_hal_dma.o
    0x08000a34   0x08000a34   0x000000d4   Code   RO         2121    i.HAL_DMA_Init      stm32f4xx_hal_dma.o
    0x08000b08   0x08000b08   0x0000006e   Code   RO         2125    i.HAL_DMA_Start_IT  stm32f4xx_hal_dma.o
    0x08000b76   0x08000b76   0x00000002   PAD
    0x08000b78   0x08000b78   0x00000024   Code   RO         2552    i.HAL_Delay         stm32f4xx_hal.o
    0x08000b9c   0x08000b9c   0x000001f0   Code   RO         2008    i.HAL_GPIO_Init     stm32f4xx_hal_gpio.o
    0x08000d8c   0x08000d8c   0x00000010   Code   RO         2011    i.HAL_GPIO_TogglePin  stm32f4xx_hal_gpio.o
    0x08000d9c   0x08000d9c   0x0000000a   Code   RO         2012    i.HAL_GPIO_WritePin  stm32f4xx_hal_gpio.o
    0x08000da6   0x08000da6   0x00000002   PAD
    0x08000da8   0x08000da8   0x0000000c   Code   RO         2558    i.HAL_GetTick       stm32f4xx_hal.o
    0x08000db4   0x08000db4   0x00000010   Code   RO         2564    i.HAL_IncTick       stm32f4xx_hal.o
    0x08000dc4   0x08000dc4   0x00000034   Code   RO         2565    i.HAL_Init          stm32f4xx_hal.o
    0x08000df8   0x08000df8   0x0000008c   Code   RO          641    i.HAL_InitTick      stm32f4xx_hal_timebase_tim.o
    0x08000e84   0x08000e84   0x00000038   Code   RO          617    i.HAL_MspInit       stm32f4xx_hal_msp.o
    0x08000ebc   0x08000ebc   0x0000001a   Code   RO         2400    i.HAL_NVIC_EnableIRQ  stm32f4xx_hal_cortex.o
    0x08000ed6   0x08000ed6   0x00000002   PAD
    0x08000ed8   0x08000ed8   0x00000040   Code   RO         2406    i.HAL_NVIC_SetPriority  stm32f4xx_hal_cortex.o
    0x08000f18   0x08000f18   0x00000024   Code   RO         2407    i.HAL_NVIC_SetPriorityGrouping  stm32f4xx_hal_cortex.o
    0x08000f3c   0x08000f3c   0x00000134   Code   RO         1654    i.HAL_RCC_ClockConfig  stm32f4xx_hal_rcc.o
    0x08001070   0x08001070   0x00000040   Code   RO         1658    i.HAL_RCC_GetClockConfig  stm32f4xx_hal_rcc.o
    0x080010b0   0x080010b0   0x00000020   Code   RO         1661    i.HAL_RCC_GetPCLK1Freq  stm32f4xx_hal_rcc.o
    0x080010d0   0x080010d0   0x00000020   Code   RO         1662    i.HAL_RCC_GetPCLK2Freq  stm32f4xx_hal_rcc.o
    0x080010f0   0x080010f0   0x00000060   Code   RO         1663    i.HAL_RCC_GetSysClockFreq  stm32f4xx_hal_rcc.o
    0x08001150   0x08001150   0x0000036c   Code   RO         1666    i.HAL_RCC_OscConfig  stm32f4xx_hal_rcc.o
    0x080014bc   0x080014bc   0x00000002   Code   RO         1386    i.HAL_TIMEx_BreakCallback  stm32f4xx_hal_tim_ex.o
    0x080014be   0x080014be   0x00000002   Code   RO         1387    i.HAL_TIMEx_CommutCallback  stm32f4xx_hal_tim_ex.o
    0x080014c0   0x080014c0   0x00000090   Code   RO         1405    i.HAL_TIMEx_MasterConfigSynchronization  stm32f4xx_hal_tim_ex.o
    0x08001550   0x08001550   0x0000005a   Code   RO          682    i.HAL_TIM_Base_Init  stm32f4xx_hal_tim.o
    0x080015aa   0x080015aa   0x00000002   Code   RO          684    i.HAL_TIM_Base_MspInit  stm32f4xx_hal_tim.o
    0x080015ac   0x080015ac   0x00000080   Code   RO          687    i.HAL_TIM_Base_Start_IT  stm32f4xx_hal_tim.o
    0x0800162c   0x0800162c   0x00000002   Code   RO          716    i.HAL_TIM_IC_CaptureCallback  stm32f4xx_hal_tim.o
    0x0800162e   0x0800162e   0x00000130   Code   RO          730    i.HAL_TIM_IRQHandler  stm32f4xx_hal_tim.o
    0x0800175e   0x0800175e   0x00000002   PAD
    0x08001760   0x08001760   0x000000d4   Code   RO          372    i.HAL_TIM_MspPostInit  tim.o
    0x08001834   0x08001834   0x00000002   Code   RO          733    i.HAL_TIM_OC_DelayElapsedCallback  stm32f4xx_hal_tim.o
    0x08001836   0x08001836   0x000000cc   Code   RO          754    i.HAL_TIM_PWM_ConfigChannel  stm32f4xx_hal_tim.o
    0x08001902   0x08001902   0x0000005a   Code   RO          757    i.HAL_TIM_PWM_Init  stm32f4xx_hal_tim.o
    0x0800195c   0x0800195c   0x00000058   Code   RO          374    i.HAL_TIM_PWM_MspInit  tim.o
    0x080019b4   0x080019b4   0x00000002   Code   RO          760    i.HAL_TIM_PWM_PulseFinishedCallback  stm32f4xx_hal_tim.o
    0x080019b6   0x080019b6   0x00000002   PAD
    0x080019b8   0x080019b8   0x000000c8   Code   RO          762    i.HAL_TIM_PWM_Start  stm32f4xx_hal_tim.o
    0x08001a80   0x08001a80   0x00000014   Code   RO           14    i.HAL_TIM_PeriodElapsedCallback  main.o
    0x08001a94   0x08001a94   0x00000002   Code   RO          773    i.HAL_TIM_TriggerCallback  stm32f4xx_hal_tim.o
    0x08001a96   0x08001a96   0x0000004a   Code   RO         2813    i.HAL_UARTEx_ReceiveToIdle_DMA  stm32f4xx_hal_uart.o
    0x08001ae0   0x08001ae0   0x00000054   Code   RO           15    i.HAL_UARTEx_RxEventCallback  main.o
    0x08001b34   0x08001b34   0x00000070   Code   RO         2827    i.HAL_UART_DMAStop  stm32f4xx_hal_uart.o
    0x08001ba4   0x08001ba4   0x00000002   Code   RO         2829    i.HAL_UART_ErrorCallback  stm32f4xx_hal_uart.o
    0x08001ba6   0x08001ba6   0x00000002   PAD
    0x08001ba8   0x08001ba8   0x00000280   Code   RO         2832    i.HAL_UART_IRQHandler  stm32f4xx_hal_uart.o
    0x08001e28   0x08001e28   0x00000064   Code   RO         2833    i.HAL_UART_Init     stm32f4xx_hal_uart.o
    0x08001e8c   0x08001e8c   0x000001f4   Code   RO          433    i.HAL_UART_MspInit  usart.o
    0x08002080   0x08002080   0x0000001c   Code   RO         2837    i.HAL_UART_Receive_DMA  stm32f4xx_hal_uart.o
    0x0800209c   0x0800209c   0x00000002   Code   RO         2839    i.HAL_UART_RxCpltCallback  stm32f4xx_hal_uart.o
    0x0800209e   0x0800209e   0x00000002   Code   RO         2840    i.HAL_UART_RxHalfCpltCallback  stm32f4xx_hal_uart.o
    0x080020a0   0x080020a0   0x000000a0   Code   RO         2841    i.HAL_UART_Transmit  stm32f4xx_hal_uart.o
    0x08002140   0x08002140   0x00000002   Code   RO         2844    i.HAL_UART_TxCpltCallback  stm32f4xx_hal_uart.o
    0x08002142   0x08002142   0x00000002   Code   RO          510    i.HardFault_Handler  stm32f4xx_it.o
    0x08002144   0x08002144   0x0000006c   Code   RO          348    i.MX_DMA_Init       dma.o
    0x080021b0   0x080021b0   0x00000064   Code   RO          267    i.MX_FREERTOS_Init  freertos.o
    0x08002214   0x08002214   0x0000010c   Code   RO          239    i.MX_GPIO_Init      gpio.o
    0x08002320   0x08002320   0x000000a0   Code   RO          375    i.MX_TIM2_Init      tim.o
    0x080023c0   0x080023c0   0x000000a0   Code   RO          376    i.MX_TIM3_Init      tim.o
    0x08002460   0x08002460   0x000000a0   Code   RO          377    i.MX_TIM4_Init      tim.o
    0x08002500   0x08002500   0x00000050   Code   RO          434    i.MX_USART1_UART_Init  usart.o
    0x08002550   0x08002550   0x00000038   Code   RO          435    i.MX_USART2_UART_Init  usart.o
    0x08002588   0x08002588   0x00000050   Code   RO          436    i.MX_USART6_UART_Init  usart.o
    0x080025d8   0x080025d8   0x00000002   Code   RO          511    i.MemManage_Handler  stm32f4xx_it.o
    0x080025da   0x080025da   0x00000002   PAD
    0x080025dc   0x080025dc   0x0000001c   Code   RO         5094    i.Motor_Enable      motor.o
    0x080025f8   0x080025f8   0x00000018   Code   RO         5096    i.Motor_Init        motor.o
    0x08002610   0x08002610   0x00000068   Code   RO         5097    i.Motor_ProcessRxData  motor.o
    0x08002678   0x08002678   0x00000020   Code   RO         5099    i.Motor_SetMode     motor.o
    0x08002698   0x08002698   0x00000028   Code   RO         5101    i.Motor_SetSpeed    motor.o
    0x080026c0   0x080026c0   0x00000098   Code   RO         4956    i.Motor_SetSpeed_FromCmd  act.o
    0x08002758   0x08002758   0x00000002   Code   RO          512    i.NMI_Handler       stm32f4xx_it.o
    0x0800275a   0x0800275a   0x00000002   PAD
    0x0800275c   0x0800275c   0x000000d0   Code   RO          268    i.StartDefaultTask  freertos.o
    0x0800282c   0x0800282c   0x00000020   Code   RO          269    i.Status_Task       freertos.o
    0x0800284c   0x0800284c   0x0000001a   Code   RO         4302    i.SysTick_Handler   cmsis_os2.o
    0x08002866   0x08002866   0x00000002   PAD
    0x08002868   0x08002868   0x00000098   Code   RO           16    i.SystemClock_Config  main.o
    0x08002900   0x08002900   0x00000010   Code   RO         3167    i.SystemInit        system_stm32f4xx.o
    0x08002910   0x08002910   0x0000000c   Code   RO          513    i.TIM1_UP_TIM10_IRQHandler  stm32f4xx_it.o
    0x0800291c   0x0800291c   0x000000d0   Code   RO          775    i.TIM_Base_SetConfig  stm32f4xx_hal_tim.o
    0x080029ec   0x080029ec   0x0000001a   Code   RO          776    i.TIM_CCxChannelCmd  stm32f4xx_hal_tim.o
    0x08002a06   0x08002a06   0x00000002   PAD
    0x08002a08   0x08002a08   0x00000060   Code   RO          788    i.TIM_OC1_SetConfig  stm32f4xx_hal_tim.o
    0x08002a68   0x08002a68   0x0000006c   Code   RO          789    i.TIM_OC2_SetConfig  stm32f4xx_hal_tim.o
    0x08002ad4   0x08002ad4   0x00000068   Code   RO          790    i.TIM_OC3_SetConfig  stm32f4xx_hal_tim.o
    0x08002b3c   0x08002b3c   0x00000050   Code   RO          791    i.TIM_OC4_SetConfig  stm32f4xx_hal_tim.o
    0x08002b8c   0x08002b8c   0x0000000e   Code   RO         2846    i.UART_DMAAbortOnError  stm32f4xx_hal_uart.o
    0x08002b9a   0x08002b9a   0x0000004a   Code   RO         2847    i.UART_DMAError     stm32f4xx_hal_uart.o
    0x08002be4   0x08002be4   0x00000086   Code   RO         2848    i.UART_DMAReceiveCplt  stm32f4xx_hal_uart.o
    0x08002c6a   0x08002c6a   0x0000001e   Code   RO         2850    i.UART_DMARxHalfCplt  stm32f4xx_hal_uart.o
    0x08002c88   0x08002c88   0x0000004e   Code   RO         2856    i.UART_EndRxTransfer  stm32f4xx_hal_uart.o
    0x08002cd6   0x08002cd6   0x0000001c   Code   RO         2857    i.UART_EndTxTransfer  stm32f4xx_hal_uart.o
    0x08002cf2   0x08002cf2   0x000000c2   Code   RO         2858    i.UART_Receive_IT   stm32f4xx_hal_uart.o
    0x08002db4   0x08002db4   0x0000010c   Code   RO         2859    i.UART_SetConfig    stm32f4xx_hal_uart.o
    0x08002ec0   0x08002ec0   0x000000a0   Code   RO         2860    i.UART_Start_Receive_DMA  stm32f4xx_hal_uart.o
    0x08002f60   0x08002f60   0x00000072   Code   RO         2862    i.UART_WaitOnFlagUntilTimeout  stm32f4xx_hal_uart.o
    0x08002fd2   0x08002fd2   0x00000002   PAD
    0x08002fd4   0x08002fd4   0x0000000c   Code   RO          514    i.USART1_IRQHandler  stm32f4xx_it.o
    0x08002fe0   0x08002fe0   0x0000000c   Code   RO          515    i.USART2_IRQHandler  stm32f4xx_it.o
    0x08002fec   0x08002fec   0x0000006c   Code   RO          516    i.USART6_IRQHandler  stm32f4xx_it.o
    0x08003058   0x08003058   0x00000002   Code   RO          517    i.UsageFault_Handler  stm32f4xx_it.o
    0x0800305a   0x0800305a   0x00000020   Code   RO         2413    i.__NVIC_SetPriority  stm32f4xx_hal_cortex.o
    0x0800307a   0x0800307a   0x00000002   Code   RO          437    i._sys_exit         usart.o
    0x0800307c   0x0800307c   0x0000000a   Code   RO         5266    i.bsp_init          user_main.o
    0x08003086   0x08003086   0x0000002c   Code   RO         5103    i.crc8_maxim        motor.o
    0x080030b2   0x080030b2   0x00000002   PAD
    0x080030b4   0x080030b4   0x00000018   Code   RO          438    i.fputc             usart.o
    0x080030cc   0x080030cc   0x00000028   Code   RO          270    i.fun_ctrl_Task     freertos.o
    0x080030f4   0x080030f4   0x0000010c   Code   RO           17    i.main              main.o
    0x08003200   0x08003200   0x0000001a   Code   RO         4304    i.osDelay           cmsis_os2.o
    0x0800321a   0x0800321a   0x00000002   PAD
    0x0800321c   0x0800321c   0x00000024   Code   RO         4318    i.osKernelInitialize  cmsis_os2.o
    0x08003240   0x08003240   0x00000038   Code   RO         4321    i.osKernelStart     cmsis_os2.o
    0x08003278   0x08003278   0x0000008a   Code   RO         4363    i.osThreadNew       cmsis_os2.o
    0x08003302   0x08003302   0x00000002   PAD
    0x08003304   0x08003304   0x0000005c   Code   RO         3775    i.prvAddCurrentTaskToDelayedList  tasks.o
    0x08003360   0x08003360   0x000000d0   Code   RO         3776    i.prvAddNewTaskToReadyList  tasks.o
    0x08003430   0x08003430   0x00000058   Code   RO         4140    i.prvCheckForValidListAndQueue  timers.o
    0x08003488   0x08003488   0x00000026   Code   RO         3372    i.prvCopyDataFromQueue  queue.o
    0x080034ae   0x080034ae   0x0000006c   Code   RO         3373    i.prvCopyDataToQueue  queue.o
    0x0800351a   0x0800351a   0x00000034   Code   RO         3777    i.prvDeleteTCB      tasks.o
    0x0800354e   0x0800354e   0x00000002   PAD
    0x08003550   0x08003550   0x0000004c   Code   RO         4815    i.prvHeapInit       heap_4.o
    0x0800359c   0x0800359c   0x00000060   Code   RO         3778    i.prvIdleTask       tasks.o
    0x080035fc   0x080035fc   0x00000022   Code   RO         3375    i.prvInitialiseNewQueue  queue.o
    0x0800361e   0x0800361e   0x00000002   PAD
    0x08003620   0x08003620   0x000000b0   Code   RO         3779    i.prvInitialiseNewTask  tasks.o
    0x080036d0   0x080036d0   0x0000004c   Code   RO         4816    i.prvInsertBlockIntoFreeList  heap_4.o
    0x0800371c   0x0800371c   0x00000038   Code   RO         4142    i.prvInsertTimerInActiveList  timers.o
    0x08003754   0x08003754   0x0000001c   Code   RO         3376    i.prvIsQueueEmpty   queue.o
    0x08003770   0x08003770   0x000000fc   Code   RO         4143    i.prvProcessReceivedCommands  timers.o
    0x0800386c   0x0800386c   0x000000c0   Code   RO         4144    i.prvProcessTimerOrBlockTask  timers.o
    0x0800392c   0x0800392c   0x00000020   Code   RO         3781    i.prvResetNextTaskUnblockTime  tasks.o
    0x0800394c   0x0800394c   0x00000028   Code   RO         4145    i.prvSampleTimeNow  timers.o
    0x08003974   0x08003974   0x0000006c   Code   RO         4146    i.prvSwitchTimerLists  timers.o
    0x080039e0   0x080039e0   0x00000028   Code   RO         4871    i.prvTaskExitError  port.o
    0x08003a08   0x08003a08   0x00000024   Code   RO         4147    i.prvTimerTask      timers.o
    0x08003a2c   0x08003a2c   0x0000006a   Code   RO         3377    i.prvUnlockQueue    queue.o
    0x08003a96   0x08003a96   0x00000002   PAD
    0x08003a98   0x08003a98   0x000000dc   Code   RO         4817    i.pvPortMalloc      heap_4.o
    0x08003b74   0x08003b74   0x0000002c   Code   RO         4872    i.pxPortInitialiseStack  port.o
    0x08003ba0   0x08003ba0   0x00000028   Code   RO         5104    i.send_frame        motor.o
    0x08003bc8   0x08003bc8   0x00000058   Code   RO         5242    i.serial_frame_build  serial_frame.o
    0x08003c20   0x08003c20   0x00000082   Code   RO         5243    i.serial_frame_parse  serial_frame.o
    0x08003ca2   0x08003ca2   0x00000006   Code   RO         5268    i.user_main         user_main.o
    0x08003ca8   0x08003ca8   0x00000026   Code   RO         3332    i.uxListRemove      list.o
    0x08003cce   0x08003cce   0x00000002   PAD
    0x08003cd0   0x08003cd0   0x00000014   Code   RO         4375    i.vApplicationGetIdleTaskMemory  cmsis_os2.o
    0x08003ce4   0x08003ce4   0x00000018   Code   RO         4376    i.vApplicationGetTimerTaskMemory  cmsis_os2.o
    0x08003cfc   0x08003cfc   0x00000016   Code   RO         3333    i.vListInitialise   list.o
    0x08003d12   0x08003d12   0x00000006   Code   RO         3334    i.vListInitialiseItem  list.o
    0x08003d18   0x08003d18   0x00000030   Code   RO         3335    i.vListInsert       list.o
    0x08003d48   0x08003d48   0x00000018   Code   RO         3336    i.vListInsertEnd    list.o
    0x08003d60   0x08003d60   0x00000040   Code   RO         4874    i.vPortEnterCritical  port.o
    0x08003da0   0x08003da0   0x00000028   Code   RO         4875    i.vPortExitCritical  port.o
    0x08003dc8   0x08003dc8   0x00000064   Code   RO         4818    i.vPortFree         heap_4.o
    0x08003e2c   0x08003e2c   0x00000024   Code   RO         4876    i.vPortSetupTimerInterrupt  port.o
    0x08003e50   0x08003e50   0x00000054   Code   RO         4877    i.vPortValidateInterruptPriority  port.o
    0x08003ea4   0x08003ea4   0x00000028   Code   RO         3383    i.vQueueAddToRegistry  queue.o
    0x08003ecc   0x08003ecc   0x00000044   Code   RO         3387    i.vQueueWaitForMessageRestricted  queue.o
    0x08003f10   0x08003f10   0x0000004c   Code   RO         3794    i.vTaskDelay        tasks.o
    0x08003f5c   0x08003f5c   0x00000010   Code   RO         3799    i.vTaskInternalSetTimeOutState  tasks.o
    0x08003f6c   0x08003f6c   0x0000000c   Code   RO         3800    i.vTaskMissedYield  tasks.o
    0x08003f78   0x08003f78   0x00000030   Code   RO         3802    i.vTaskPlaceOnEventList  tasks.o
    0x08003fa8   0x08003fa8   0x00000038   Code   RO         3803    i.vTaskPlaceOnEventListRestricted  tasks.o
    0x08003fe0   0x08003fe0   0x00000088   Code   RO         3811    i.vTaskStartScheduler  tasks.o
    0x08004068   0x08004068   0x00000010   Code   RO         3813    i.vTaskSuspendAll   tasks.o
    0x08004078   0x08004078   0x00000064   Code   RO         3814    i.vTaskSwitchContext  tasks.o
    0x080040dc   0x080040dc   0x000000f4   Code   RO         4878    i.xPortStartScheduler  port.o
    0x080041d0   0x080041d0   0x0000002c   Code   RO         4879    i.xPortSysTickHandler  port.o
    0x080041fc   0x080041fc   0x00000042   Code   RO         3392    i.xQueueGenericCreate  queue.o
    0x0800423e   0x0800423e   0x00000066   Code   RO         3393    i.xQueueGenericCreateStatic  queue.o
    0x080042a4   0x080042a4   0x00000088   Code   RO         3394    i.xQueueGenericReset  queue.o
    0x0800432c   0x0800432c   0x00000160   Code   RO         3395    i.xQueueGenericSend  queue.o
    0x0800448c   0x0800448c   0x000000be   Code   RO         3396    i.xQueueGenericSendFromISR  queue.o
    0x0800454a   0x0800454a   0x00000002   PAD
    0x0800454c   0x0800454c   0x00000138   Code   RO         3405    i.xQueueReceive     queue.o
    0x08004684   0x08004684   0x00000074   Code   RO         3816    i.xTaskCheckForTimeOut  tasks.o
    0x080046f8   0x080046f8   0x0000005a   Code   RO         3817    i.xTaskCreate       tasks.o
    0x08004752   0x08004752   0x00000056   Code   RO         3818    i.xTaskCreateStatic  tasks.o
    0x080047a8   0x080047a8   0x0000001c   Code   RO         3822    i.xTaskGetSchedulerState  tasks.o
    0x080047c4   0x080047c4   0x0000000c   Code   RO         3823    i.xTaskGetTickCount  tasks.o
    0x080047d0   0x080047d0   0x000000c8   Code   RO         3825    i.xTaskIncrementTick  tasks.o
    0x08004898   0x08004898   0x00000080   Code   RO         3828    i.xTaskPriorityDisinherit  tasks.o
    0x08004918   0x08004918   0x00000070   Code   RO         3830    i.xTaskRemoveFromEventList  tasks.o
    0x08004988   0x08004988   0x000000c4   Code   RO         3831    i.xTaskResumeAll    tasks.o
    0x08004a4c   0x08004a4c   0x00000060   Code   RO         4156    i.xTimerCreateTimerTask  timers.o
    0x08004aac   0x08004aac   0x00000068   Code   RO         4157    i.xTimerGenericCommand  timers.o
    0x08004b14   0x08004b14   0x0000000a   Code   RO         5448    x$fpl$fpinit        fz_wm.l(fpinit.o)
    0x08004b1e   0x08004b1e   0x00000002   PAD
    0x08004b20   0x08004b20   0x0000006c   Data   RO          273    .constdata          freertos.o
    0x08004b8c   0x08004b8c   0x00000008   Data   RO         2127    .constdata          stm32f4xx_hal_dma.o
    0x08004b94   0x08004b94   0x00000010   Data   RO         3168    .constdata          system_stm32f4xx.o
    0x08004ba4   0x08004ba4   0x00000008   Data   RO         3169    .constdata          system_stm32f4xx.o
    0x08004bac   0x08004bac   0x00000052   Data   RO         5106    .constdata          motor.o
    0x08004bfe   0x08004bfe   0x00000002   PAD
    0x08004c00   0x08004c00   0x00000028   Data   RO          274    .conststring        freertos.o
    0x08004c28   0x08004c28   0x00000020   Data   RO         5504    Region$$Table       anon$$obj.o


    Execution Region RW_IRAM1 (Exec base: 0x20000000, Load base: 0x08004c48, Size: 0x000068e8, Max: 0x0001c000, ABSOLUTE)

    Exec Addr    Load Addr    Size         Type   Attr      Idx    E Section Name        Object

    0x20000000   0x08004c48   0x00000014   Data   RW          275    .data               freertos.o
    0x20000014   0x08004c5c   0x00000004   Data   RW          440    .data               usart.o
    0x20000018   0x08004c60   0x0000000c   Data   RW         2572    .data               stm32f4xx_hal.o
    0x20000024   0x08004c6c   0x00000004   Data   RW         3170    .data               system_stm32f4xx.o
    0x20000028   0x08004c70   0x0000003c   Data   RW         3834    .data               tasks.o
    0x20000064   0x08004cac   0x00000014   Data   RW         4165    .data               timers.o
    0x20000078   0x08004cc0   0x00000004   Data   RW         4378    .data               cmsis_os2.o
    0x2000007c   0x08004cc4   0x00000020   Data   RW         4824    .data               heap_4.o
    0x2000009c   0x08004ce4   0x0000000c   Data   RW         4880    .data               port.o
    0x200000a8   0x08004cf0   0x00000018   Data   RW         4961    .data               act.o
    0x200000c0   0x08004d08   0x00000004   Data   RW         5107    .data               motor.o
    0x200000c4        -       0x00000402   Zero   RW           18    .bss                main.o
    0x200004c6   0x08004d0c   0x00000002   PAD
    0x200004c8        -       0x0000005e   Zero   RW          272    .bss                freertos.o
    0x20000526   0x08004d0c   0x00000002   PAD
    0x20000528        -       0x000000d8   Zero   RW          378    .bss                tim.o
    0x20000600        -       0x00000358   Zero   RW          439    .bss                usart.o
    0x20000958        -       0x00000202   Zero   RW          518    .bss                stm32f4xx_it.o
    0x20000b5a   0x08004d0c   0x00000002   PAD
    0x20000b5c        -       0x00000048   Zero   RW          644    .bss                stm32f4xx_hal_timebase_tim.o
    0x20000ba4        -       0x00000040   Zero   RW         3409    .bss                queue.o
    0x20000be4        -       0x000004c4   Zero   RW         3833    .bss                tasks.o
    0x200010a8        -       0x00000118   Zero   RW         4164    .bss                timers.o
    0x200011c0        -       0x000006b8   Zero   RW         4377    .bss                cmsis_os2.o
    0x20001878        -       0x00003c00   Zero   RW         4823    .bss                heap_4.o
    0x20005478        -       0x0000000c   Zero   RW         5105    .bss                motor.o
    0x20005484        -       0x00000060   Zero   RW         5380    .bss                c_w.l(libspace.o)
    0x200054e4   0x08004d0c   0x00000004   PAD
    0x200054e8        -       0x00000400   Zero   RW            2    HEAP                startup_stm32f407xx.o
    0x200058e8        -       0x00001000   Zero   RW            1    STACK               startup_stm32f407xx.o


    Execution Region RW_IRAM2 (Exec base: 0x2001c000, Load base: 0x08004d0c, Size: 0x00000000, Max: 0x00004000, ABSOLUTE)

    **** No section assigned to this execution region ****


==============================================================================

Image component sizes


      Code (inc. data)   RO Data    RW Data    ZI Data      Debug   Object Name

       232         24          0         24          0       3242   act.o
       326         22          0          4       1720      65139   cmsis_os2.o
       108          4          0          0          0        834   dma.o
         0          0          0          0          0      19456   event_groups.o
       380         68        148         20         94      14499   freertos.o
       268         20          0          0          0       1728   gpio.o
       472         24          0         32      15360       4867   heap_4.o
       138          0          0          0          0       3546   list.o
       528         58          0          0       1026     709314   main.o
       312         38         82          4         12       4987   motor.o
       786         82          0         12          0      11509   port.o
      1580         20          0          0         64      18430   queue.o
       218          0          0          0          0       3406   serial_frame.o
        64         26        392          0       5120        844   startup_stm32f407xx.o
       116         18          0         12          0       8718   stm32f4xx_hal.o
       158         14          0          0          0      33034   stm32f4xx_hal_cortex.o
      1084         16          8          0          0       7346   stm32f4xx_hal_dma.o
       522         46          0          0          0       2837   stm32f4xx_hal_gpio.o
        56          4          0          0          0        866   stm32f4xx_hal_msp.o
      1408         82          0          0          0       5917   stm32f4xx_hal_rcc.o
      1648        136          0          0          0      13683   stm32f4xx_hal_tim.o
       148         28          0          0          0       2485   stm32f4xx_hal_tim_ex.o
       140         20          0          0         72       1431   stm32f4xx_hal_timebase_tim.o
      2216         28          0          0          0      16475   stm32f4xx_hal_uart.o
       204         60          0          0        514       8149   stm32f4xx_it.o
         0          0          0          0          0        392   stream_buffer.o
        16          4         24          4          0       1127   system_stm32f4xx.o
      2084        168          0         60       1220      26900   tasks.o
       780         62          0          0        216       3993   tim.o
       972         80          0         20        280      21707   timers.o
       742         78          0          4        856       6256   usart.o
        16          0          0          0          0       1163   user_main.o

    ----------------------------------------------------------------------
     17764       1230        688        196      26560    1024280   Object Totals
         0          0         32          0          0          0   (incl. Generated)
        42          0          2          0          6          0   (incl. Padding)

    ----------------------------------------------------------------------

      Code (inc. data)   RO Data    RW Data    ZI Data      Debug   Library Member Name

         8          0          0          0          0         68   __main.o
        40          0          0          0          0         84   __printf_nopercent.o
         0          0          0          0          0          0   __rtentry.o
        12          0          0          0          0          0   __rtentry2.o
         6          0          0          0          0          0   __rtentry4.o
        52          8          0          0          0          0   __scatter.o
        26          0          0          0          0          0   __scatter_copy.o
        28          0          0          0          0          0   __scatter_zi.o
        48          6          0          0          0         96   _printf_char_common.o
        36          4          0          0          0         80   _printf_char_file.o
        16          0          0          0          0         68   aeabi_memset.o
        18          0          0          0          0         80   exit.o
         8          0          0          0          0         68   ferror.o
         6          0          0          0          0        152   heapauxi.o
         2          0          0          0          0          0   libinit.o
         6          0          0          0          0          0   libinit2.o
         2          0          0          0          0          0   libshutdown.o
         2          0          0          0          0          0   libshutdown2.o
         8          4          0          0         96         68   libspace.o
       238          0          0          0          0        100   lludivv7m.o
        24          4          0          0          0         84   noretval__2printf.o
        68          0          0          0          0         68   rt_memclr.o
        78          0          0          0          0         80   rt_memclr_w.o
       138          0          0          0          0         68   rt_memcpy_v6.o
       100          0          0          0          0         80   rt_memcpy_w.o
         2          0          0          0          0          0   rtexit.o
        10          0          0          0          0          0   rtexit2.o
        74          0          0          0          0         80   sys_stackheap_outer.o
         2          0          0          0          0         68   use_no_semi.o
         2          0          0          0          0         68   use_no_semi_2.o
        10          0          0          0          0        116   fpinit.o

    ----------------------------------------------------------------------
      1076         26          0          0        100       1576   Library Totals
         6          0          0          0          4          0   (incl. Padding)

    ----------------------------------------------------------------------

      Code (inc. data)   RO Data    RW Data    ZI Data      Debug   Library Name

      1060         26          0          0         96       1460   c_w.l
        10          0          0          0          0        116   fz_wm.l

    ----------------------------------------------------------------------
      1076         26          0          0        100       1576   Library Totals

    ----------------------------------------------------------------------

==============================================================================


      Code (inc. data)   RO Data    RW Data    ZI Data      Debug   

     18840       1256        688        196      26660    1007128   Grand Totals
     18840       1256        688        196      26660    1007128   ELF Image Totals
     18840       1256        688        196          0          0   ROM Totals

==============================================================================

    Total RO  Size (Code + RO Data)                19528 (  19.07kB)
    Total RW  Size (RW Data + ZI Data)             26856 (  26.23kB)
    Total ROM Size (Code + RO Data + RW Data)      19724 (  19.26kB)

==============================================================================

