<html>
<body>
<pre>
<h1>µVision Build Log</h1>
<h2>Tool Versions:</h2>
IDE-Version: ¦ÌVision V5.40.0.0
Copyright (C) 2024 ARM Ltd and ARM Germany GmbH. All rights reserved.
License Information: 155 ZEHO, 151, LIC=BUURY-ICK3P-CXLU6-D1301-CQL6M-Y609D
 
Tool Versions:
Toolchain:       MDK-ARM Plus  Version: 5.40.0.3
Toolchain Path:  C:\Users\ZEHO\AppData\Local\Keil_v5\ARM\ARMCC\Bin
C Compiler:      Armcc.exe V5.06 update 7 (build 960)
Assembler:       Armasm.exe V5.06 update 7 (build 960)
Linker/Locator:  ArmLink.exe V5.06 update 7 (build 960)
Library Manager: ArmAr.exe V5.06 update 7 (build 960)
Hex Converter:   FromElf.exe V5.06 update 7 (build 960)
CPU DLL:         SARMCM3.DLL V5.40.0.3
Dialog DLL:      DCM.DLL V1.17.5.0
Target DLL:      STLink\ST-LINKIII-KEIL_SWO.dll V3.3.0.0
Dialog DLL:      TCM.DLL V1.56.4.0
 
<h2>Project:</h2>
C:\Users\ZEHO\ZH_STPro\MDK-ARM\Prototype_Stm32.uvprojx
Project File Date:  01/08/2026

<h2>Output:</h2>
*** Using Compiler 'V5.06 update 7 (build 960)', folder: 'C:\Users\ZEHO\AppData\Local\Keil_v5\ARM\ARMCC\Bin'
Build target 'Prototype_Stm32'
compiling demo.c...
../Platform/Motor/act.h(44): warning:  #1295-D: Deprecated declaration Car_Init - give arg types
  void Car_Init();
../Platform/Motor/act.h(45): warning:  #1295-D: Deprecated declaration GoAhead - give arg types
  void GoAhead();
../Platform/Motor/act.h(46): warning:  #1295-D: Deprecated declaration SlowDown - give arg types
  void SlowDown();
../Platform/Motor/act.h(47): warning:  #1295-D: Deprecated declaration GoBack - give arg types
  void GoBack();
../Platform/Motor/act.h(48): warning:  #1295-D: Deprecated declaration TurnRight - give arg types
  void TurnRight();
../Platform/Motor/act.h(49): warning:  #1295-D: Deprecated declaration TurnLeft - give arg types
  void TurnLeft();
../Platform/Motor/act.h(50): warning:  #1295-D: Deprecated declaration Stop - give arg types
  void Stop();
../Platform/Motor/act.h(51): warning:  #1295-D: Deprecated declaration FeedBack - give arg types
  void FeedBack();
../Platform/Motor/act.h(53): warning:  #1295-D: Deprecated declaration ArmUpDown - give arg types
  void ArmUpDown();
../Platform/Motor/act.h(54): warning:  #1295-D: Deprecated declaration ArmFrontBack - give arg types
  void ArmFrontBack();
../Code/user_main.h(44): warning:  #1295-D: Deprecated declaration bsp_init - give arg types
  void bsp_init();
../Code/user_main.h(45): warning:  #1295-D: Deprecated declaration user_main - give arg types
  void user_main();
..\Core\Src\demo.c(205): warning:  #550-D: variable "temperature_degc"  was set but never used
      float temperature_degc;
..\Core\Src\demo.c: 13 warnings, 0 errors
linking...
Program Size: Code=25952 RO-data=908 RW-data=220 ZI-data=26684  
FromELF: creating hex file...
"Prototype_Stm32\Prototype_Stm32.axf" - 0 Error(s), 13 Warning(s).

<h2>Software Packages used:</h2>

Package Vendor: ARM
                https://www.keil.com/pack/ARM.CMSIS.6.1.0.pack
                ARM::CMSIS@6.1.0
                CMSIS (Common Microcontroller Software Interface Standard)
   * Component: CORE Version: 6.1.0

Package Vendor: Keil
                https://www.keil.com/pack/Keil.STM32F4xx_DFP.3.1.1.pack
                Keil::STM32F4xx_DFP@3.1.1
                STMicroelectronics STM32F4 Series Device Support

<h2>Collection of Component include folders:</h2>
  ./RTE/_Prototype_Stm32
  C:/Users/ZEHO/AppData/Local/Arm/Packs/ARM/CMSIS/6.1.0/CMSIS/Core/Include

<h2>Collection of Component Files used:</h2>

   * Component: ARM::CMSIS:CORE@6.1.0
      Include file:  CMSIS/Core/Include/tz_context.h
Build Time Elapsed:  00:00:01
</pre>
</body>
</html>
